Archive member included because of file (symbol)

C:\Users\Bjacklyn\Desktop\arduinoCore\libcore.a(wiring.c.o)
                              bluetooth/bluetooth.o (delay)
C:\Users\Bjacklyn\Desktop\arduinoCore\libcore.a(wiring_digital.c.o)
                              main.o (pinMode)
C:\Users\Bjacklyn\Desktop\arduinoCore\libcore.a(HardwareSerial.cpp.o)
                              bluetooth/bluetooth.o (_ZN14HardwareSerial5beginEmh)
C:\Users\Bjacklyn\Desktop\arduinoCore\libcore.a(HardwareSerial2.cpp.o)
                              bluetooth/bluetooth.o (Serial2)
C:\Users\Bjacklyn\Desktop\arduinoCore\libcore.a(new.cpp.o)
                              main.o (_Znwj)
C:\Users\Bjacklyn\Desktop\arduinoCore\libcore.a(Print.cpp.o)
                              C:\Users\Bjacklyn\Desktop\arduinoCore\libcore.a(HardwareSerial.cpp.o) (_ZN5Print5writeEPKhj)
C:\Users\Bjacklyn\Desktop\arduinoCore\libcore.a(WString.cpp.o)
                              bluetooth/bluetooth.o (_ZN6StringC1EPKc)
C:\Users\Bjacklyn\Desktop\arduinoCore\libcore.a(hooks.c.o)
                              C:\Users\Bjacklyn\Desktop\arduinoCore\libcore.a(wiring.c.o) (yield)
C:\Users\Bjacklyn\Desktop\arduinoCore\libcore.a(abi.cpp.o)
                              C:\Users\Bjacklyn\Desktop\arduinoCore\libcore.a(Print.cpp.o) (__cxa_pure_virtual)
c:/program files (x86)/atmel/atmel toolchain/avr8 gcc/native/3.4.1061/avr8-gnu-toolchain/bin/../lib/gcc/avr/4.8.1/../../../../avr/lib/avr6\libm.a(addsf3.o)
                              C:\Users\Bjacklyn\Desktop\arduinoCore\libcore.a(Print.cpp.o) (__subsf3)
c:/program files (x86)/atmel/atmel toolchain/avr8 gcc/native/3.4.1061/avr8-gnu-toolchain/bin/../lib/gcc/avr/4.8.1/../../../../avr/lib/avr6\libm.a(addsf3x.o)
                              c:/program files (x86)/atmel/atmel toolchain/avr8 gcc/native/3.4.1061/avr8-gnu-toolchain/bin/../lib/gcc/avr/4.8.1/../../../../avr/lib/avr6\libm.a(addsf3.o) (__addsf3x)
c:/program files (x86)/atmel/atmel toolchain/avr8 gcc/native/3.4.1061/avr8-gnu-toolchain/bin/../lib/gcc/avr/4.8.1/../../../../avr/lib/avr6\libm.a(cmpsf2.o)
                              C:\Users\Bjacklyn\Desktop\arduinoCore\libcore.a(Print.cpp.o) (__ltsf2)
c:/program files (x86)/atmel/atmel toolchain/avr8 gcc/native/3.4.1061/avr8-gnu-toolchain/bin/../lib/gcc/avr/4.8.1/../../../../avr/lib/avr6\libm.a(divsf3.o)
                              C:\Users\Bjacklyn\Desktop\arduinoCore\libcore.a(Print.cpp.o) (__divsf3)
c:/program files (x86)/atmel/atmel toolchain/avr8 gcc/native/3.4.1061/avr8-gnu-toolchain/bin/../lib/gcc/avr/4.8.1/../../../../avr/lib/avr6\libm.a(divsf3x.o)
                              c:/program files (x86)/atmel/atmel toolchain/avr8 gcc/native/3.4.1061/avr8-gnu-toolchain/bin/../lib/gcc/avr/4.8.1/../../../../avr/lib/avr6\libm.a(divsf3.o) (__divsf3x)
c:/program files (x86)/atmel/atmel toolchain/avr8 gcc/native/3.4.1061/avr8-gnu-toolchain/bin/../lib/gcc/avr/4.8.1/../../../../avr/lib/avr6\libm.a(fixsfsi.o)
                              C:\Users\Bjacklyn\Desktop\arduinoCore\libcore.a(Print.cpp.o) (__fixsfsi)
c:/program files (x86)/atmel/atmel toolchain/avr8 gcc/native/3.4.1061/avr8-gnu-toolchain/bin/../lib/gcc/avr/4.8.1/../../../../avr/lib/avr6\libm.a(fixunssfsi.o)
                              C:\Users\Bjacklyn\Desktop\arduinoCore\libcore.a(Print.cpp.o) (__fixunssfsi)
c:/program files (x86)/atmel/atmel toolchain/avr8 gcc/native/3.4.1061/avr8-gnu-toolchain/bin/../lib/gcc/avr/4.8.1/../../../../avr/lib/avr6\libm.a(floatsisf.o)
                              C:\Users\Bjacklyn\Desktop\arduinoCore\libcore.a(Print.cpp.o) (__floatunsisf)
c:/program files (x86)/atmel/atmel toolchain/avr8 gcc/native/3.4.1061/avr8-gnu-toolchain/bin/../lib/gcc/avr/4.8.1/../../../../avr/lib/avr6\libm.a(fp_cmp.o)
                              c:/program files (x86)/atmel/atmel toolchain/avr8 gcc/native/3.4.1061/avr8-gnu-toolchain/bin/../lib/gcc/avr/4.8.1/../../../../avr/lib/avr6\libm.a(cmpsf2.o) (__fp_cmp)
c:/program files (x86)/atmel/atmel toolchain/avr8 gcc/native/3.4.1061/avr8-gnu-toolchain/bin/../lib/gcc/avr/4.8.1/../../../../avr/lib/avr6\libm.a(fp_inf.o)
                              c:/program files (x86)/atmel/atmel toolchain/avr8 gcc/native/3.4.1061/avr8-gnu-toolchain/bin/../lib/gcc/avr/4.8.1/../../../../avr/lib/avr6\libm.a(addsf3x.o) (__fp_inf)
c:/program files (x86)/atmel/atmel toolchain/avr8 gcc/native/3.4.1061/avr8-gnu-toolchain/bin/../lib/gcc/avr/4.8.1/../../../../avr/lib/avr6\libm.a(fp_nan.o)
                              c:/program files (x86)/atmel/atmel toolchain/avr8 gcc/native/3.4.1061/avr8-gnu-toolchain/bin/../lib/gcc/avr/4.8.1/../../../../avr/lib/avr6\libm.a(addsf3x.o) (__fp_nan)
c:/program files (x86)/atmel/atmel toolchain/avr8 gcc/native/3.4.1061/avr8-gnu-toolchain/bin/../lib/gcc/avr/4.8.1/../../../../avr/lib/avr6\libm.a(fp_pscA.o)
[...]
Memory Configuration

Name             Origin             Length             Attributes
text             0x00000000         0x00100000         xr
data             0x00800200         0x0000fe00         rw !x
eeprom           0x00810000         0x00010000         rw !x
fuse             0x00820000         0x00000400         rw !x
lock             0x00830000         0x00000400         rw !x
signature        0x00840000         0x00000400         rw !x
user_signatures  0x00850000         0x00000400         rw !x
*default*        0x00000000         0xffffffff

Linker script and memory map

Address of section .data set to 0x800200
LOAD c:/program files (x86)/atmel/atmel toolchain/avr8 gcc/native/3.4.1061/avr8-gnu-toolchain/bin/../lib/gcc/avr/4.8.1/../../../../avr/lib/avr6/crtm2560.o
LOAD bluetooth/bluetooth.o
LOAD main.o
LOAD shared/game.o
LOAD shared/ir/ir.o
LOAD shared/joystick/joystick.o
LOAD shared/music_stream.o
LOAD shared/radio/radio.o
LOAD shared/radio/spi.o
LOAD shared/roomba/roomba_bump_detection.o
LOAD shared/roomba/simple_music.o
LOAD shared/roomba/roomba.o
LOAD shared/roomba/roomba_led_sci.o
LOAD shared/roomba/roomba_music.o
LOAD shared/rtos_n/os.o
LOAD shared/rtos_n/timer.o
LOAD shared/trace/trace.o
LOAD shared/trace_uart/trace_uart.o
LOAD shared/uart/uart.o
LOAD shared/usart.o
START GROUP
LOAD c:/program files (x86)/atmel/atmel toolchain/avr8 gcc/native/3.4.1061/avr8-gnu-toolchain/bin/../lib/gcc/avr/4.8.1/../../../../avr/lib/avr6\libm.a
LOAD C:\Users\Bjacklyn\Desktop\arduinoCore\libcore.a
END GROUP
LOAD c:/program files (x86)/atmel/atmel toolchain/avr8 gcc/native/3.4.1061/avr8-gnu-toolchain/bin/../lib/gcc/avr/4.8.1/avr6\libgcc.a
LOAD c:/program files (x86)/atmel/atmel toolchain/avr8 gcc/native/3.4.1061/avr8-gnu-toolchain/bin/../lib/gcc/avr/4.8.1/../../../../avr/lib/avr6\libm.a
START GROUP
LOAD c:/program files (x86)/atmel/atmel toolchain/avr8 gcc/native/3.4.1061/avr8-gnu-toolchain/bin/../lib/gcc/avr/4.8.1/avr6\libgcc.a
LOAD c:/program files (x86)/atmel/atmel toolchain/avr8 gcc/native/3.4.1061/avr8-gnu-toolchain/bin/../lib/gcc/avr/4.8.1/../../../../avr/lib/avr6\libm.a
LOAD c:/program files (x86)/atmel/atmel toolchain/avr8 gcc/native/3.4.1061/avr8-gnu-toolchain/bin/../lib/gcc/avr/4.8.1/../../../../avr/lib/avr6\libc.a
END GROUP

.hash
 *(.hash)

.dynsym
 *(.dynsym)

.dynstr
 *(.dynstr)

.gnu.version
 *(.gnu.version)

.gnu.version_d
 *(.gnu.version_d)

.gnu.version_r
 *(.gnu.version_r)

.rel.init
 *(.rel.init)

.rela.init
 *(.rela.init)

.rel.text
 *(.rel.text)
 *(.rel.text.*)
 *(.rel.gnu.linkonce.t*)

.rela.text
 *(.rela.text)
 *(.rela.text.*)
 *(.rela.gnu.linkonce.t*)

.rel.fini
 *(.rel.fini)

.rela.fini
 *(.rela.fini)

.rel.rodata
 *(.rel.rodata)
 *(.rel.rodata.*)
 *(.rel.gnu.linkonce.r*)

.rela.rodata
 *(.rela.rodata)
 *(.rela.rodata.*)
 *(.rela.gnu.linkonce.r*)

.rel.data
 *(.rel.data)
 *(.rel.data.*)
 *(.rel.gnu.linkonce.d*)

.rela.data
 *(.rela.data)
 *(.rela.data.*)
 *(.rela.gnu.linkonce.d*)

.rel.ctors
 *(.rel.ctors)

.rela.ctors
 *(.rela.ctors)

.rel.dtors
 *(.rel.dtors)

.rela.dtors
 *(.rela.dtors)

.rel.got
 *(.rel.got)

.rela.got
 *(.rela.got)

.rel.bss
 *(.rel.bss)

.rela.bss
 *(.rela.bss)

.rel.plt
 *(.rel.plt)

.rela.plt
 *(.rela.plt)

.text           0x00000000     0x2be2
 *(.vectors)
 .vectors       0x00000000       0xe4 c:/program files (x86)/atmel/atmel toolchain/avr8 gcc/native/3.4.1061/avr8-gnu-toolchain/bin/../lib/gcc/avr/4.8.1/../../../../avr/lib/avr6/crtm2560.o
                0x00000000                __vector_default
                0x00000000                __vectors
 *(.vectors)
 *(.progmem.gcc*)
 .progmem.gcc_sw_table.main
                0x000000e4       0x12 shared/rtos_n/os.o
 .progmem.gcc_sw_table.turnOffPWM
                0x000000f6       0x24 C:\Users\Bjacklyn\Desktop\arduinoCore\libcore.a(wiring_digital.c.o)
                0x0000011a                . = ALIGN (0x2)
                0x0000011a                __trampolines_start = .
 *(.trampolines)
 .trampolines   0x0000011a        0x0 linker stubs
 *(.trampolines*)
                0x0000011a                __trampolines_end = .
 *(.progmem*)
 .progmem.data.digital_pin_to_timer_PGM
                0x0000011a       0x46 C:\Users\Bjacklyn\Desktop\arduinoCore\libcore.a(wiring_digital.c.o)
                0x0000011a                digital_pin_to_timer_PGM
 .progmem.data.digital_pin_to_bit_mask_PGM
                0x00000160       0x46 C:\Users\Bjacklyn\Desktop\arduinoCore\libcore.a(wiring_digital.c.o)
                0x00000160                digital_pin_to_bit_mask_PGM
 .progmem.data.digital_pin_to_port_PGM
                0x000001a6       0x46 C:\Users\Bjacklyn\Desktop\arduinoCore\libcore.a(wiring_digital.c.o)
                0x000001a6                digital_pin_to_port_PGM
 .progmem.data.port_to_output_PGM
                0x000001ec       0x1a C:\Users\Bjacklyn\Desktop\arduinoCore\libcore.a(wiring_digital.c.o)
                0x000001ec                port_to_output_PGM
 .progmem.data.port_to_mode_PGM
                0x00000206       0x1a C:\Users\Bjacklyn\Desktop\arduinoCore\libcore.a(wiring_digital.c.o)
                0x00000206                port_to_mode_PGM
                0x00000220                . = ALIGN (0x2)
 *(.jumptables)
 *(.jumptables*)
 *(.lowtext)
 *(.lowtext*)
                0x00000220                __ctors_start = .
 *(.ctors)
 .ctors         0x00000220        0x2 main.o
 .ctors         0x00000222        0x2 C:\Users\Bjacklyn\Desktop\arduinoCore\libcore.a(HardwareSerial2.cpp.o)
                0x00000224                __ctors_end = .
                0x00000224                __dtors_start = .
 *(.dtors)
                0x00000224                __dtors_end = .
 SORT(*)(.ctors)
 SORT(*)(.dtors)
 *(.init0)
 .init0         0x00000224        0x0 c:/program files (x86)/atmel/atmel toolchain/avr8 gcc/native/3.4.1061/avr8-gnu-toolchain/bin/../lib/gcc/avr/4.8.1/../../../../avr/lib/avr6/crtm2560.o
                0x00000224                __init
 *(.init0)
 *(.init1)
 *(.init1)
 *(.init2)
 .init2         0x00000224       0x10 c:/program files (x86)/atmel/atmel toolchain/avr8 gcc/native/3.4.1061/avr8-gnu-toolchain/bin/../lib/gcc/avr/4.8.1/../../../../avr/lib/avr6/crtm2560.o
 *(.init2)
 *(.init3)
 *(.init3)
 *(.init4)
 .init4         0x00000234       0x1a c:/program files (x86)/atmel/atmel toolchain/avr8 gcc/native/3.4.1061/avr8-gnu-toolchain/bin/../lib/gcc/avr/4.8.1/avr6\libgcc.a(_copy_data.o)
                0x00000234                __do_copy_data
 .init4         0x0000024e       0x10 c:/program files (x86)/atmel/atmel toolchain/avr8 gcc/native/3.4.1061/avr8-gnu-toolchain/bin/../lib/gcc/avr/4.8.1/avr6\libgcc.a(_clear_bss.o)
                0x0000024e                __do_clear_bss
 *(.init4)
 *(.init5)
 *(.init5)
 *(.init6)
 .init6         0x0000025e       0x20 c:/program files (x86)/atmel/atmel toolchain/avr8 gcc/native/3.4.1061/avr8-gnu-toolchain/bin/../lib/gcc/avr/4.8.1/avr6\libgcc.a(_ctors.o)
                0x0000025e                __do_global_ctors
 *(.init6)
 *(.init7)
 *(.init7)
 *(.init8)
 *(.init8)
 *(.init9)
 .init9         0x0000027e        0x8 c:/program files (x86)/atmel/atmel toolchain/avr8 gcc/native/3.4.1061/avr8-gnu-toolchain/bin/../lib/gcc/avr/4.8.1/../../../../avr/lib/avr6/crtm2560.o
 *(.init9)
 *(.text)
 .text          0x00000286        0x2 c:/program files (x86)/atmel/atmel toolchain/avr8 gcc/native/3.4.1061/avr8-gnu-toolchain/bin/../lib/gcc/avr/4.8.1/../../../../avr/lib/avr6/crtm2560.o
                0x00000286                __vector_38
                0x00000286                __vector_22
                0x00000286                __vector_28
                0x00000286                __vector_1
                0x00000286                __vector_34
                0x00000286                __vector_24
                0x00000286                __vector_12
                0x00000286                __vector_55
                0x00000286                __vector_46
                0x00000286                __bad_interrupt
                0x00000286                __vector_31
                0x00000286                __vector_35
                0x00000286                __vector_39
                0x00000286                __vector_3
                0x00000286                __vector_30
                0x00000286                __vector_45
                0x00000286                __vector_11
                0x00000286                __vector_54
                0x00000286                __vector_13
                0x00000286                __vector_19
                0x00000286                __vector_56
                0x00000286                __vector_7
                0x00000286                __vector_49
                0x00000286                __vector_41
                0x00000286                __vector_43
                0x00000286                __vector_27
                0x00000286                __vector_33
                0x00000286                __vector_47
                0x00000286                __vector_37
                0x00000286                __vector_4
                0x00000286                __vector_44
                0x00000286                __vector_9
                0x00000286                __vector_2
                0x00000286                __vector_21
                0x00000286                __vector_15
                0x00000286                __vector_29
                0x00000286                __vector_40
                0x00000286                __vector_8
                0x00000286                __vector_26
                0x00000286                __vector_48
                0x00000286                __vector_14
                0x00000286                __vector_53
                0x00000286                __vector_10
                0x00000286                __vector_50
                0x00000286                __vector_16
                0x00000286                __vector_18
                0x00000286                __vector_20
                0x00000286                __vector_42
                0x00000288                . = ALIGN (0x2)
 *(.text.*)
 .text._ZN5Print5writeEPKc
                0x00000288       0x2c bluetooth/bluetooth.o
                0x00000288                _ZN5Print5writeEPKc
 .text._ZN9Bluetooth14setupBluetoothEv
                0x000002b4      0x238 bluetooth/bluetooth.o
                0x000002b4                _ZN9Bluetooth14setupBluetoothEv
 .text._ZN9Bluetooth7setNameEPc
                0x000004ec       0x28 bluetooth/bluetooth.o
                0x000004ec                _ZN9Bluetooth7setNameEPc
 .text._ZN9BluetoothC2EPc
                0x00000514       0x1c bluetooth/bluetooth.o
                0x00000514                _ZN9BluetoothC1EPc
                0x00000514                _ZN9BluetoothC2EPc
 .text._Z16current_ir_statev
                0x00000530       0x26 main.o
                0x00000530                _Z16current_ir_statev
 .text._Z12setup_roombav
                0x00000556       0x2a main.o
                0x00000556                _Z12setup_roombav
 .text._Z15radio_rxhandlerh
                0x00000580       0x18 main.o
                0x00000580                _Z15radio_rxhandlerh
 .text._Z12ir_rxhandlerv
                0x00000598       0x5e main.o
                0x00000598                _Z12ir_rxhandlerv
 .text._Z17handleRoombaInputv
                0x000005f6       0x46 main.o
                0x000005f6                _Z17handleRoombaInputv
 .text._Z23current_bluetooth_statev
                0x0000063c       0xae main.o
                0x0000063c                _Z23current_bluetooth_statev
 .text._Z16load_death_musicv
                0x000006ea      0x138 main.o
                0x000006ea                _Z16load_death_musicv
 .text._Z16handleStateInputP7_game_t
                0x00000822       0x88 main.o
                0x00000822                _Z16handleStateInputP7_game_t
 .text._Z16send_back_packetv
                0x000008aa       0x6e main.o
                0x000008aa                _Z16send_back_packetv
 .text._Z19current_radio_statev
                0x00000918       0x4a main.o
                0x00000918                _Z19current_radio_statev
 .text._Z17power_cycle_radiov
                0x00000962       0x40 main.o
                0x00000962                _Z17power_cycle_radiov
 .text._Z17init_roomba_stateP12roomba_state
                0x000009a2       0x32 main.o
                0x000009a2                _Z17init_roomba_stateP12roomba_state
 .text._Z6r_mainv
                0x000009d4       0x8e main.o
                0x000009d4                _Z6r_mainv
 .text.startup._GLOBAL__sub_I_radio_receive_service
                0x00000a62       0x22 main.o
 .text._Z7IR_initv
                0x00000a84       0x72 shared/ir/ir.o
                0x00000a84                _Z7IR_initv
 .text.__vector_6
                0x00000af6       0x52 shared/ir/ir.o
                0x00000af6                __vector_6
 .text.__vector_32
                0x00000b48       0xbc shared/ir/ir.o
                0x00000b48                __vector_32
 .text._Z16enable_interruptv
                0x00000c04        0x6 shared/ir/ir.o
                0x00000c04                _Z16enable_interruptv
 .text._Z17disable_interruptv
                0x00000c0a       0x14 shared/ir/ir.o
                0x00000c0a                _Z17disable_interruptv
 .text._Z4markv
                0x00000c1e       0x18 shared/ir/ir.o
                0x00000c1e                _Z4markv
 .text._Z5spacev
                0x00000c36       0x18 shared/ir/ir.o
                0x00000c36                _Z5spacev
 .text._Z11IR_transmith
                0x00000c4e       0x58 shared/ir/ir.o
                0x00000c4e                _Z11IR_transmith
 .text._Z10IR_getLastv
                0x00000ca6        0x6 shared/ir/ir.o
                0x00000ca6                _Z10IR_getLastv
 .text._ZL10get_statusv
                0x00000cac       0x1e shared/radio/radio.o
 .text._ZL12set_registerhPhh
                0x00000cca       0x54 shared/radio/radio.o
 .text._ZL16send_instructionhPhS_h
                0x00000d1e       0x5a shared/radio/radio.o
 .text._ZL19reset_pipe0_addressv
                0x00000d78       0x14 shared/radio/radio.o
 .text._ZL12get_registerhPhh.constprop.1
                0x00000d8c       0x58 shared/radio/radio.o
 .text._ZL11set_rx_modev
                0x00000de4       0x4a shared/radio/radio.o
 .text._Z10Radio_Initv
                0x00000e2e       0xfe shared/radio/radio.o
                0x00000e2e                _Z10Radio_Initv
 .text._Z18Radio_Configure_Rx11_radio_pipePh3_ed
                0x00000f2c       0xe8 shared/radio/radio.o
                0x00000f2c                _Z18Radio_Configure_Rx11_radio_pipePh3_ed
 .text._Z17Radio_Set_Tx_AddrPh
                0x00001014       0x28 shared/radio/radio.o
                0x00001014                _Z17Radio_Set_Tx_AddrPh
 .text._Z15Radio_Configure9_radio_dr15_radio_tx_power
                0x0000103c       0x4c shared/radio/radio.o
                0x0000103c                _Z15Radio_Configure9_radio_dr15_radio_tx_power
 .text._Z14Radio_TransmitP3_rp14_radio_tx_wait
                0x00001088       0xa8 shared/radio/radio.o
                0x00001088                _Z14Radio_TransmitP3_rp14_radio_tx_wait
 .text._Z13Radio_ReceiveP3_rp
                0x00001130       0x64 shared/radio/radio.o
                0x00001130                _Z13Radio_ReceiveP3_rp
 .text.__vector_5
                0x00001194      0x110 shared/radio/radio.o
                0x00001194                __vector_5
 .text._Z8SPI_Initv
                0x000012a4       0x1a shared/radio/spi.o
                0x000012a4                _Z8SPI_Initv
 .text._Z19SPI_ReadWrite_BlockPhS_h
                0x000012be       0x22 shared/radio/spi.o
                0x000012be                _Z19SPI_ReadWrite_BlockPhS_h
 .text._Z15SPI_Write_BlockPhh
                0x000012e0       0x1a shared/radio/spi.o
                0x000012e0                _Z15SPI_Write_BlockPhh
 .text._Z14SPI_Write_Byteh
                0x000012fa        0xc shared/radio/spi.o
                0x000012fa                _Z14SPI_Write_Byteh
 .text._Z11Roomba_Initv
                0x00001306       0x6a shared/roomba/roomba.o
                0x00001306                _Z11Roomba_Initv
 .text._Z12Roomba_Driveii
                0x00001370       0x3a shared/roomba/roomba.o
                0x00001370                _Z12Roomba_Driveii
 .text._Z21Roomba_Music_add_noteP20_roomba_music_song_thh
                0x000013aa       0x2e shared/roomba/roomba_music.o
                0x000013aa                _Z21Roomba_Music_add_noteP20_roomba_music_song_thh
 .text._Z22Roomba_Music_load_songP20_roomba_music_song_t
                0x000013d8       0x5a shared/roomba/roomba_music.o
                0x000013d8                _Z22Roomba_Music_load_songP20_roomba_music_song_t
 .text._Z22Roomba_Music_play_songh
                0x00001432        0xe shared/roomba/roomba_music.o
                0x00001432                _Z22Roomba_Music_play_songh
 .text._ZL4idlev
                0x00001440        0x2 shared/rtos_n/os.o
 .text._ZL11exit_kernelv
                0x00001442       0xb2 shared/rtos_n/os.o
 .text._ZL12enter_kernelv
                0x000014f4       0xb2 shared/rtos_n/os.o
 .text._ZL16periodic_enqueueP21periodic_task_queue_tP19ptd_metadata_struct
                0x000015a6       0x96 shared/rtos_n/os.o
 .text._ZL7enqueueP12task_queue_tP9td_struct
                0x0000163c       0x22 shared/rtos_n/os.o
 .text._ZL7dequeueP12task_queue_t
                0x0000165e       0x2e shared/rtos_n/os.o
 .text.Task_Terminate
                0x0000168c       0x14 shared/rtos_n/os.o
                0x0000168c                Task_Terminate
 .text._ZL18kernel_create_taskv
                0x000016a0      0x13c shared/rtos_n/os.o
 .text.__vector_17
                0x000017dc       0xd6 shared/rtos_n/os.o
                0x000017dc                __vector_17
 .text._Z11kernel_initv
                0x000018b2      0x16a shared/rtos_n/os.o
                0x000018b2                _Z11kernel_initv
 .text.OS_Abort
                0x00001a1c       0xa8 shared/rtos_n/os.o
                0x00001a1c                OS_Abort
 .text._Z19periodic_task_readyv
                0x00001ac4       0x4c shared/rtos_n/os.o
                0x00001ac4                _Z19periodic_task_readyv
 .text._ZL21kernel_should_preemptv
                0x00001b10       0x6c shared/rtos_n/os.o
 .text._Z20kernel_create_helperPFvvEi15task_priority_t
                0x00001b7c       0x30 shared/rtos_n/os.o
                0x00001b7c                _Z20kernel_create_helperPFvvEi15task_priority_t
 .text.Task_Create_System
                0x00001bac        0x6 shared/rtos_n/os.o
                0x00001bac                Task_Create_System
 .text.Task_Create_RR
                0x00001bb2        0x6 shared/rtos_n/os.o
                0x00001bb2                Task_Create_RR
 .text.Service_Init
                0x00001bb8       0x1c shared/rtos_n/os.o
                0x00001bb8                Service_Init
 .text.Service_Subscribe
                0x00001bd4       0x24 shared/rtos_n/os.o
                0x00001bd4                Service_Subscribe
 .text.Service_Publish
                0x00001bf8       0x24 shared/rtos_n/os.o
                0x00001bf8                Service_Publish
 .text.startup.main
                0x00001c1c      0x3f6 shared/rtos_n/os.o
                0x00001c1c                main
 .text.__vector_25
                0x00002012       0x78 shared/trace_uart/trace_uart.o
                0x00002012                __vector_25
 .text._Z16Roomba_Send_Byteh
                0x0000208a        0xe shared/uart/uart.o
                0x0000208a                _Z16Roomba_Send_Byteh
 .text._Z16Roomba_UART_Init9_uart_bps
                0x00002098       0x5a shared/uart/uart.o
                0x00002098                _Z16Roomba_UART_Init9_uart_bps
 .text.__vector_36
                0x000020f2       0x4c shared/uart/uart.o
                0x000020f2                __vector_36
 .text.__vector_23
                0x0000213e       0x94 C:\Users\Bjacklyn\Desktop\arduinoCore\libcore.a(wiring.c.o)
                0x0000213e                __vector_23
 .text.micros   0x000021d2       0x46 C:\Users\Bjacklyn\Desktop\arduinoCore\libcore.a(wiring.c.o)
                0x000021d2                micros
 .text.delay    0x00002218       0x4a C:\Users\Bjacklyn\Desktop\arduinoCore\libcore.a(wiring.c.o)
                0x00002218                delay
 .text.init     0x00002262       0xc4 C:\Users\Bjacklyn\Desktop\arduinoCore\libcore.a(wiring.c.o)
                0x00002262                init
 .text.turnOffPWM
                0x00002326       0xa6 C:\Users\Bjacklyn\Desktop\arduinoCore\libcore.a(wiring_digital.c.o)
 .text.pinMode  0x000023cc       0x72 C:\Users\Bjacklyn\Desktop\arduinoCore\libcore.a(wiring_digital.c.o)
                0x000023cc                pinMode
 .text.digitalWrite
                0x0000243e       0x6a C:\Users\Bjacklyn\Desktop\arduinoCore\libcore.a(wiring_digital.c.o)
                0x0000243e                digitalWrite
 .text._ZN14HardwareSerial9availableEv
                0x000024a8       0x16 C:\Users\Bjacklyn\Desktop\arduinoCore\libcore.a(HardwareSerial.cpp.o)
                0x000024a8                _ZN14HardwareSerial9availableEv
 .text._ZN14HardwareSerial4peekEv
                0x000024be       0x1c C:\Users\Bjacklyn\Desktop\arduinoCore\libcore.a(HardwareSerial.cpp.o)
                0x000024be                _ZN14HardwareSerial4peekEv
 .text._ZN14HardwareSerial4readEv
                0x000024da       0x28 C:\Users\Bjacklyn\Desktop\arduinoCore\libcore.a(HardwareSerial.cpp.o)
                0x000024da                _ZN14HardwareSerial4readEv
 .text._ZN14HardwareSerial17_tx_udr_empty_irqEv
                0x00002502       0x42 C:\Users\Bjacklyn\Desktop\arduinoCore\libcore.a(HardwareSerial.cpp.o)
                0x00002502                _ZN14HardwareSerial17_tx_udr_empty_irqEv
 .text._ZN14HardwareSerial5flushEv
                0x00002544       0x42 C:\Users\Bjacklyn\Desktop\arduinoCore\libcore.a(HardwareSerial.cpp.o)
                0x00002544                _ZN14HardwareSerial5flushEv
 .text._ZN14HardwareSerial5writeEh
                0x00002586       0xc8 C:\Users\Bjacklyn\Desktop\arduinoCore\libcore.a(HardwareSerial.cpp.o)
                0x00002586                _ZN14HardwareSerial5writeEh
 .text._ZN14HardwareSerial5beginEmh
                0x0000264e       0xc0 C:\Users\Bjacklyn\Desktop\arduinoCore\libcore.a(HardwareSerial.cpp.o)
                0x0000264e                _ZN14HardwareSerial5beginEmh
 .text.__vector_51
                0x0000270e       0x6c C:\Users\Bjacklyn\Desktop\arduinoCore\libcore.a(HardwareSerial2.cpp.o)
                0x0000270e                __vector_51
 .text.__vector_52
                0x0000277a       0x52 C:\Users\Bjacklyn\Desktop\arduinoCore\libcore.a(HardwareSerial2.cpp.o)
                0x0000277a                __vector_52
 .text.startup._GLOBAL__sub_I___vector_51
                0x000027cc       0x86 C:\Users\Bjacklyn\Desktop\arduinoCore\libcore.a(HardwareSerial2.cpp.o)
 .text._Znwj    0x00002852        0x2 C:\Users\Bjacklyn\Desktop\arduinoCore\libcore.a(new.cpp.o)
                0x00002852                _Znwj
 .text._ZN5Print5writeEPKhj
                0x00002854       0x50 C:\Users\Bjacklyn\Desktop\arduinoCore\libcore.a(Print.cpp.o)
                0x00002854                _ZN5Print5writeEPKhj
 .text.__empty  0x000028a4        0x2 C:\Users\Bjacklyn\Desktop\arduinoCore\libcore.a(hooks.c.o)
                0x000028a4                yield
 .text.libgcc.div
                0x000028a6       0x28 c:/program files (x86)/atmel/atmel toolchain/avr8 gcc/native/3.4.1061/avr8-gnu-toolchain/bin/../lib/gcc/avr/4.8.1/avr6\libgcc.a(_udivmodhi4.o)
                0x000028a6                __udivmodhi4
 .text.libgcc.div
                0x000028ce       0x26 c:/program files (x86)/atmel/atmel toolchain/avr8 gcc/native/3.4.1061/avr8-gnu-toolchain/bin/../lib/gcc/avr/4.8.1/avr6\libgcc.a(_divmodhi4.o)
                0x000028ce                _div
                0x000028ce                __divmodhi4
 .text.libgcc.div
                0x000028f4       0x44 c:/program files (x86)/atmel/atmel toolchain/avr8 gcc/native/3.4.1061/avr8-gnu-toolchain/bin/../lib/gcc/avr/4.8.1/avr6\libgcc.a(_udivmodsi4.o)
                0x000028f4                __udivmodsi4
 .text.libgcc   0x00002938        0xc c:/program files (x86)/atmel/atmel toolchain/avr8 gcc/native/3.4.1061/avr8-gnu-toolchain/bin/../lib/gcc/avr/4.8.1/avr6\libgcc.a(_tablejump.o)
                0x00002938                __tablejump2__
                0x0000293c                __tablejump__
 .text.libgcc   0x00002944        0x8 c:/program files (x86)/atmel/atmel toolchain/avr8 gcc/native/3.4.1061/avr8-gnu-toolchain/bin/../lib/gcc/avr/4.8.1/avr6\libgcc.a(_tablejump_elpm.o)
                0x00002944                __tablejump_elpm__
 .text.avr-libc
                0x0000294c      0x24e c:/program files (x86)/atmel/atmel toolchain/avr8 gcc/native/3.4.1061/avr8-gnu-toolchain/bin/../lib/gcc/avr/4.8.1/../../../../avr/lib/avr6\libc.a(malloc.o)
                0x0000294c                malloc
                0x00002a7c                free
 .text.avr-libc
                0x00002b9a        0xe c:/program files (x86)/atmel/atmel toolchain/avr8 gcc/native/3.4.1061/avr8-gnu-toolchain/bin/../lib/gcc/avr/4.8.1/../../../../avr/lib/avr6\libc.a(memset.o)
                0x00002b9a                memset
 .text.avr-libc
                0x00002ba8       0x16 c:/program files (x86)/atmel/atmel toolchain/avr8 gcc/native/3.4.1061/avr8-gnu-toolchain/bin/../lib/gcc/avr/4.8.1/../../../../avr/lib/avr6\libc.a(strcat.o)
                0x00002ba8                strcat
 .text.avr-libc
                0x00002bbe       0x12 c:/program files (x86)/atmel/atmel toolchain/avr8 gcc/native/3.4.1061/avr8-gnu-toolchain/bin/../lib/gcc/avr/4.8.1/../../../../avr/lib/avr6\libc.a(strcmp.o)
                0x00002bbe                strcmp
 .text.avr-libc
                0x00002bd0        0xe c:/program files (x86)/atmel/atmel toolchain/avr8 gcc/native/3.4.1061/avr8-gnu-toolchain/bin/../lib/gcc/avr/4.8.1/../../../../avr/lib/avr6\libc.a(strcpy.o)
                0x00002bd0                strcpy
                0x00002bde                . = ALIGN (0x2)
 *(.fini9)
 .fini9         0x00002bde        0x0 c:/program files (x86)/atmel/atmel toolchain/avr8 gcc/native/3.4.1061/avr8-gnu-toolchain/bin/../lib/gcc/avr/4.8.1/avr6\libgcc.a(_exit.o)
                0x00002bde                _exit
                0x00002bde                exit
 *(.fini9)
 *(.fini8)
 *(.fini8)
 *(.fini7)
 *(.fini7)
 *(.fini6)
 *(.fini6)
 *(.fini5)
 *(.fini5)
 *(.fini4)
 *(.fini4)
 *(.fini3)
 *(.fini3)
 *(.fini2)
 *(.fini2)
 *(.fini1)
 *(.fini1)
 *(.fini0)
 .fini0         0x00002bde        0x4 c:/program files (x86)/atmel/atmel toolchain/avr8 gcc/native/3.4.1061/avr8-gnu-toolchain/bin/../lib/gcc/avr/4.8.1/avr6\libgcc.a(_exit.o)
 *(.fini0)
                0x00002be2                _etext = .

.data           0x00800200       0x94 load address 0x00002be2
                0x00800200                PROVIDE (__data_start, .)
 *(.data)
 .data          0x00800200        0x6 c:/program files (x86)/atmel/atmel toolchain/avr8 gcc/native/3.4.1061/avr8-gnu-toolchain/bin/../lib/gcc/avr/4.8.1/../../../../avr/lib/avr6\libc.a(malloc.o)
                0x00800200                __malloc_heap_end
                0x00800202                __malloc_heap_start
                0x00800204                __malloc_margin
 *(.data*)
 .data._ZN9Bluetooth5txPinE
                0x00800206        0x2 bluetooth/bluetooth.o
                0x00800206                _ZN9Bluetooth5txPinE
 .data._ZN9Bluetooth5rxPinE
                0x00800208        0x2 bluetooth/bluetooth.o
                0x00800208                _ZN9Bluetooth5rxPinE
 .data.alternating_velocity
                0x0080020a        0x1 main.o
                0x0080020a                alternating_velocity
 .data.roomba_num
                0x0080020b        0x1 main.o
                0x0080020b                roomba_num
 .data.base_station_address
                0x0080020c        0x5 shared/game.o
                0x0080020c                base_station_address
 .data.PLAYER_IDS
                0x00800211        0x4 shared/game.o
                0x00800211                PLAYER_IDS
 .data.ROOMBA_ADDRESSES
                0x00800215       0x14 shared/game.o
                0x00800215                ROOMBA_ADDRESSES
 .data._ZL14tx_last_status
                0x00800229        0x1 shared/radio/radio.o
 .data._ZL10tx_history
                0x0080022a        0x2 shared/radio/radio.o
 .data._ZL16rx_pipe0_address
                0x0080022c        0x5 shared/radio/radio.o
 .data._ZL10tx_address
                0x00800231        0x5 shared/radio/radio.o
 .data._ZL14rx_pipe_widths
                0x00800236        0x6 shared/radio/radio.o
 .data._ZL9error_msg
                0x0080023c        0x1 shared/rtos_n/os.o
 *(.rodata)
 *(.rodata*)
 .rodata.str1.1
                0x0080023d       0x36 bluetooth/bluetooth.o
                                 0x37 (size before relaxing)
 .rodata.str1.1
                0x00800273       0x10 main.o
 .rodata._ZTV14HardwareSerial
                0x00800283       0x10 C:\Users\Bjacklyn\Desktop\arduinoCore\libcore.a(HardwareSerial.cpp.o)
                0x00800283                _ZTV14HardwareSerial
 *(.gnu.linkonce.d*)
                0x00800294                . = ALIGN (0x2)
 *fill*         0x00800293        0x1 
                0x00800294                _edata = .
                0x00800294                PROVIDE (__data_end, .)

.bss            0x00800294      0xb99
                0x00800294                PROVIDE (__bss_start, .)
 *(.bss)
 *(.bss*)
 .bss._ZN9Bluetooth8btSerialE
                0x00800294        0x2 bluetooth/bluetooth.o
                0x00800294                _ZN9Bluetooth8btSerialE
 .bss.human_song
                0x00800296        0x1 main.o
                0x00800296                human_song
 .bss.zombie_song
                0x00800297        0x1 main.o
                0x00800297                zombie_song
 .bss.roomba    0x00800298       0x11 main.o
                0x00800298                roomba
 .bss.tx_packet
                0x008002a9       0x20 main.o
                0x008002a9                tx_packet
 .bss.ir_count  0x008002c9        0x1 main.o
                0x008002c9                ir_count
 .bss.velocity_y
                0x008002ca        0x2 main.o
                0x008002ca                velocity_y
 .bss.velocity_x
                0x008002cc        0x2 main.o
                0x008002cc                velocity_x
 .bss.blue      0x008002ce        0x2 main.o
                0x008002ce                blue
 .bss.ir_receive_service
                0x008002d0        0x2 main.o
                0x008002d0                ir_receive_service
 .bss.radio_receive_service
                0x008002d2        0x2 main.o
                0x008002d2                radio_receive_service
 .bss._ZL10outputByte
                0x008002d4        0x1 shared/ir/ir.o
 .bss._ZL11currentByte
                0x008002d5        0x1 shared/ir/ir.o
 .bss._ZL10currentBit
                0x008002d6        0x1 shared/ir/ir.o
 .bss._ZL15is_transmitting
                0x008002d7        0x1 shared/ir/ir.o
 .bss._ZL12is_receiving
                0x008002d8        0x1 shared/ir/ir.o
 .bss._ZL13transmit_lock
                0x008002d9        0x1 shared/radio/radio.o
 .bss._ZL17current_timer_val
                0x008002da        0x2 shared/rtos_n/os.o
 .bss._ZL16ticks_from_start
                0x008002dc        0x2 shared/rtos_n/os.o
 .bss._ZL12num_services
                0x008002de        0x1 shared/rtos_n/os.o
 .bss._ZL12service_list
                0x008002df       0x50 shared/rtos_n/os.o
 .bss._ZL17system_task_queue
                0x0080032f        0x4 shared/rtos_n/os.o
 .bss._ZL19periodic_task_queue
                0x00800333        0x4 shared/rtos_n/os.o
 .bss._ZL21roundrobin_task_queue
                0x00800337        0x4 shared/rtos_n/os.o
 .bss._ZL24periodic_dead_pool_queue
                0x0080033b        0x4 shared/rtos_n/os.o
 .bss._ZL15dead_pool_queue
                0x0080033f        0x4 shared/rtos_n/os.o
 .bss._ZL31kernel_request_service_pub_data
                0x00800343        0x2 shared/rtos_n/os.o
 .bss._ZL31kernel_request_service_sub_data
                0x00800345        0x2 shared/rtos_n/os.o
 .bss._ZL33kernel_request_service_descriptor
                0x00800347        0x2 shared/rtos_n/os.o
 .bss._ZL34kernel_request_service_init_retval
                0x00800349        0x2 shared/rtos_n/os.o
 .bss._ZL21kernel_request_retval
                0x0080034b        0x2 shared/rtos_n/os.o
 .bss._ZL26kernel_preemption_disabled
                0x0080034d        0x2 shared/rtos_n/os.o
 .bss._ZL25kernel_period_create_meta
                0x0080034f        0xa shared/rtos_n/os.o
 .bss._ZL26kernel_request_create_args
                0x00800359        0x5 shared/rtos_n/os.o
 .bss._ZL14kernel_request
                0x0080035e        0x1 shared/rtos_n/os.o
 .bss._ZL18periodic_task_desc
                0x0080035f       0x28 shared/rtos_n/os.o
 .bss._ZL9task_desc
                0x00800387      0x96c shared/rtos_n/os.o
 .bss._ZL9kernel_sp
                0x00800cf3        0x2 shared/rtos_n/os.o
 .bss._ZL22periodic_task_remticks
                0x00800cf5        0x2 shared/rtos_n/os.o
 .bss._ZL16cur_per_metadata
                0x00800cf7        0x2 shared/rtos_n/os.o
 .bss._ZL8cur_task
                0x00800cf9        0x2 shared/rtos_n/os.o
 .bss._ZL7uart_rx
                0x00800cfb        0x1 shared/trace_uart/trace_uart.o
 .bss._ZL2rx    0x00800cfc       0x64 shared/trace_uart/trace_uart.o
 .bss._ZL3rxn   0x00800d60        0x2 shared/trace_uart/trace_uart.o
 .bss._ZL17uart_buffer_index
                0x00800d62        0x1 shared/uart/uart.o
 .bss._ZL11uart_buffer
                0x00800d63       0x20 shared/uart/uart.o
 .bss.timer0_fract
                0x00800d83        0x1 C:\Users\Bjacklyn\Desktop\arduinoCore\libcore.a(wiring.c.o)
 .bss.timer0_millis
                0x00800d84        0x4 C:\Users\Bjacklyn\Desktop\arduinoCore\libcore.a(wiring.c.o)
                0x00800d84                timer0_millis
 .bss.timer0_overflow_count
                0x00800d88        0x4 C:\Users\Bjacklyn\Desktop\arduinoCore\libcore.a(wiring.c.o)
                0x00800d88                timer0_overflow_count
 .bss.Serial2   0x00800d8c       0x9d C:\Users\Bjacklyn\Desktop\arduinoCore\libcore.a(HardwareSerial2.cpp.o)
                0x00800d8c                Serial2
 *(COMMON)
 COMMON         0x00800e29        0x4 c:/program files (x86)/atmel/atmel toolchain/avr8 gcc/native/3.4.1061/avr8-gnu-toolchain/bin/../lib/gcc/avr/4.8.1/../../../../avr/lib/avr6\libc.a(malloc.o)
                0x00800e29                __brkval
                0x00800e2b                __flp
                0x00800e2d                PROVIDE (__bss_end, .)
                0x00002be2                __data_load_start = LOADADDR (.data)
                0x00002c76                __data_load_end = (__data_load_start + SIZEOF (.data))

.noinit         0x00800e2d        0x0
                0x00800e2d                PROVIDE (__noinit_start, .)
 *(.noinit*)
                0x00800e2d                PROVIDE (__noinit_end, .)
                0x00800e2d                _end = .
                0x00800e2d                PROVIDE (__heap_start, .)

.eeprom         0x00810000        0x0
 *(.eeprom*)
                0x00810000                __eeprom_end = .

.fuse
 *(.fuse)
 *(.lfuse)
 *(.hfuse)
 *(.efuse)

.lock
 *(.lock*)

.signature
 *(.signature*)

.user_signatures
 *(.user_signatures*)

.stab
 *(.stab)

.stabstr
 *(.stabstr)

.stab.excl
 *(.stab.excl)

.stab.exclstr
 *(.stab.exclstr)

.stab.index
 *(.stab.index)

.stab.indexstr
 *(.stab.indexstr)

.comment        0x00000000       0x41
 *(.comment)
 .comment       0x00000000       0x30 bluetooth/bluetooth.o
                                 0x31 (size before relaxing)
 .comment       0x00000000       0x31 main.o
 .comment       0x00000000       0x31 shared/game.o
 .comment       0x00000000       0x31 shared/ir/ir.o
 .comment       0x00000000       0x31 shared/radio/radio.o
 .comment       0x00000000       0x31 shared/radio/spi.o
 .comment       0x00000000       0x31 shared/roomba/roomba.o
 .comment       0x00000000       0x31 shared/roomba/roomba_music.o
 .comment       0x00000000       0x31 shared/rtos_n/os.o
 .comment       0x00000000       0x31 shared/trace_uart/trace_uart.o
 .comment       0x00000000       0x31 shared/uart/uart.o
 .comment       0x00000030       0x11 C:\Users\Bjacklyn\Desktop\arduinoCore\libcore.a(wiring.c.o)
                                 0x12 (size before relaxing)
 .comment       0x00000000       0x12 C:\Users\Bjacklyn\Desktop\arduinoCore\libcore.a(wiring_digital.c.o)
 .comment       0x00000000       0x12 C:\Users\Bjacklyn\Desktop\arduinoCore\libcore.a(HardwareSerial.cpp.o)
 .comment       0x00000000       0x12 C:\Users\Bjacklyn\Desktop\arduinoCore\libcore.a(HardwareSerial2.cpp.o)
 .comment       0x00000000       0x12 C:\Users\Bjacklyn\Desktop\arduinoCore\libcore.a(new.cpp.o)
 .comment       0x00000000       0x12 C:\Users\Bjacklyn\Desktop\arduinoCore\libcore.a(Print.cpp.o)
 .comment       0x00000000       0x12 C:\Users\Bjacklyn\Desktop\arduinoCore\libcore.a(hooks.c.o)
 .comment       0x00000000       0x31 c:/program files (x86)/atmel/atmel toolchain/avr8 gcc/native/3.4.1061/avr8-gnu-toolchain/bin/../lib/gcc/avr/4.8.1/../../../../avr/lib/avr6\libc.a(malloc.o)

.note.gnu.build-id
 *(.note.gnu.build-id)

.debug
 *(.debug)

.line
 *(.line)

.debug_srcinfo
 *(.debug_srcinfo)

.debug_sfnames
 *(.debug_sfnames)

.debug_aranges  0x00000000      0x6d8
 *(.debug_aranges)
 .debug_aranges
                0x00000000       0x78 bluetooth/bluetooth.o
 .debug_aranges
                0x00000078       0x90 main.o
 .debug_aranges
                0x00000108       0x20 shared/game.o
 .debug_aranges
                0x00000128       0x60 shared/ir/ir.o
 .debug_aranges
                0x00000188       0x90 shared/radio/radio.o
 .debug_aranges
                0x00000218       0x38 shared/radio/spi.o
 .debug_aranges
                0x00000250       0x58 shared/roomba/roomba.o
 .debug_aranges
                0x000002a8       0x48 shared/roomba/roomba_music.o
 .debug_aranges
                0x000002f0       0xe0 shared/rtos_n/os.o
 .debug_aranges
                0x000003d0       0x58 shared/trace_uart/trace_uart.o
 .debug_aranges
                0x00000428       0x48 shared/uart/uart.o
 .debug_aranges
                0x00000470       0x48 C:\Users\Bjacklyn\Desktop\arduinoCore\libcore.a(wiring.c.o)
 .debug_aranges
                0x000004b8       0x38 C:\Users\Bjacklyn\Desktop\arduinoCore\libcore.a(wiring_digital.c.o)
 .debug_aranges
                0x000004f0       0x68 C:\Users\Bjacklyn\Desktop\arduinoCore\libcore.a(HardwareSerial.cpp.o)
 .debug_aranges
                0x00000558       0x38 C:\Users\Bjacklyn\Desktop\arduinoCore\libcore.a(HardwareSerial2.cpp.o)
 .debug_aranges
                0x00000590       0x38 C:\Users\Bjacklyn\Desktop\arduinoCore\libcore.a(new.cpp.o)
 .debug_aranges
                0x000005c8       0xf0 C:\Users\Bjacklyn\Desktop\arduinoCore\libcore.a(Print.cpp.o)
 .debug_aranges
                0x000006b8       0x20 C:\Users\Bjacklyn\Desktop\arduinoCore\libcore.a(hooks.c.o)

.debug_pubnames
 *(.debug_pubnames)

.debug_info     0x00000000     0xdf88
 *(.debug_info .gnu.linkonce.wi.*)
 .debug_info    0x00000000     0x19f0 bluetooth/bluetooth.o
 .debug_info    0x000019f0     0x2395 main.o
 .debug_info    0x00003d85      0x1b3 shared/game.o
 .debug_info    0x00003f38      0x31b shared/ir/ir.o
 .debug_info    0x00004253     0x1043 shared/radio/radio.o
 .debug_info    0x00005296      0x174 shared/radio/spi.o
 .debug_info    0x0000540a      0xcf8 shared/roomba/roomba.o
 .debug_info    0x00006102      0x3c7 shared/roomba/roomba_music.o
 .debug_info    0x000064c9     0x11ae shared/rtos_n/os.o
 .debug_info    0x00007677      0x24b shared/trace_uart/trace_uart.o
 .debug_info    0x000078c2      0x1d1 shared/uart/uart.o
 .debug_info    0x00007a93      0x320 C:\Users\Bjacklyn\Desktop\arduinoCore\libcore.a(wiring.c.o)
 .debug_info    0x00007db3      0x62d C:\Users\Bjacklyn\Desktop\arduinoCore\libcore.a(wiring_digital.c.o)
 .debug_info    0x000083e0     0x1bb7 C:\Users\Bjacklyn\Desktop\arduinoCore\libcore.a(HardwareSerial.cpp.o)
 .debug_info    0x00009f97     0x1740 C:\Users\Bjacklyn\Desktop\arduinoCore\libcore.a(HardwareSerial2.cpp.o)
 .debug_info    0x0000b6d7      0x188 C:\Users\Bjacklyn\Desktop\arduinoCore\libcore.a(new.cpp.o)
 .debug_info    0x0000b85f     0x26ef C:\Users\Bjacklyn\Desktop\arduinoCore\libcore.a(Print.cpp.o)
 .debug_info    0x0000df4e       0x3a C:\Users\Bjacklyn\Desktop\arduinoCore\libcore.a(hooks.c.o)

.debug_abbrev   0x00000000     0x2bba
 *(.debug_abbrev)
 .debug_abbrev  0x00000000      0x479 bluetooth/bluetooth.o
 .debug_abbrev  0x00000479      0x59f main.o
 .debug_abbrev  0x00000a18       0xe9 shared/game.o
 .debug_abbrev  0x00000b01      0x1be shared/ir/ir.o
 .debug_abbrev  0x00000cbf      0x3f9 shared/radio/radio.o
 .debug_abbrev  0x000010b8       0xd6 shared/radio/spi.o
 .debug_abbrev  0x0000118e      0x24a shared/roomba/roomba.o
 .debug_abbrev  0x000013d8      0x1bf shared/roomba/roomba_music.o
 .debug_abbrev  0x00001597      0x45d shared/rtos_n/os.o
 .debug_abbrev  0x000019f4      0x184 shared/trace_uart/trace_uart.o
 .debug_abbrev  0x00001b78      0x122 shared/uart/uart.o
 .debug_abbrev  0x00001c9a      0x143 C:\Users\Bjacklyn\Desktop\arduinoCore\libcore.a(wiring.c.o)
 .debug_abbrev  0x00001ddd      0x161 C:\Users\Bjacklyn\Desktop\arduinoCore\libcore.a(wiring_digital.c.o)
 .debug_abbrev  0x00001f3e      0x3fb C:\Users\Bjacklyn\Desktop\arduinoCore\libcore.a(HardwareSerial.cpp.o)
 .debug_abbrev  0x00002339      0x35d C:\Users\Bjacklyn\Desktop\arduinoCore\libcore.a(HardwareSerial2.cpp.o)
 .debug_abbrev  0x00002696       0xd7 C:\Users\Bjacklyn\Desktop\arduinoCore\libcore.a(new.cpp.o)
 .debug_abbrev  0x0000276d      0x425 C:\Users\Bjacklyn\Desktop\arduinoCore\libcore.a(Print.cpp.o)
 .debug_abbrev  0x00002b92       0x28 C:\Users\Bjacklyn\Desktop\arduinoCore\libcore.a(hooks.c.o)

.debug_line     0x00000000     0x3d55
 *(.debug_line .debug_line.* .debug_line_end)
 .debug_line    0x00000000      0x4a4 bluetooth/bluetooth.o
 .debug_line    0x000004a4      0x81d main.o
 .debug_line    0x00000cc1      0x118 shared/game.o
 .debug_line    0x00000dd9      0x341 shared/ir/ir.o
 .debug_line    0x0000111a      0x6b6 shared/radio/radio.o
 .debug_line    0x000017d0      0x17e shared/radio/spi.o
 .debug_line    0x0000194e      0x49f shared/roomba/roomba.o
 .debug_line    0x00001ded      0x22d shared/roomba/roomba_music.o
 .debug_line    0x0000201a      0xb02 shared/rtos_n/os.o
 .debug_line    0x00002b1c      0x1e8 shared/trace_uart/trace_uart.o
 .debug_line    0x00002d04      0x1ae shared/uart/uart.o
 .debug_line    0x00002eb2      0x1d5 C:\Users\Bjacklyn\Desktop\arduinoCore\libcore.a(wiring.c.o)
 .debug_line    0x00003087      0x199 C:\Users\Bjacklyn\Desktop\arduinoCore\libcore.a(wiring_digital.c.o)
 .debug_line    0x00003220      0x2fe C:\Users\Bjacklyn\Desktop\arduinoCore\libcore.a(HardwareSerial.cpp.o)
 .debug_line    0x0000351e      0x22f C:\Users\Bjacklyn\Desktop\arduinoCore\libcore.a(HardwareSerial2.cpp.o)
 .debug_line    0x0000374d      0x14c C:\Users\Bjacklyn\Desktop\arduinoCore\libcore.a(new.cpp.o)
 .debug_line    0x00003899      0x443 C:\Users\Bjacklyn\Desktop\arduinoCore\libcore.a(Print.cpp.o)
 .debug_line    0x00003cdc       0x79 C:\Users\Bjacklyn\Desktop\arduinoCore\libcore.a(hooks.c.o)

.debug_frame    0x00000000     0x1368
 *(.debug_frame)
 .debug_frame   0x00000000      0x148 bluetooth/bluetooth.o
 .debug_frame   0x00000148      0x178 main.o
 .debug_frame   0x000002c0       0x38 shared/game.o
 .debug_frame   0x000002f8      0x11c shared/ir/ir.o
 .debug_frame   0x00000414      0x274 shared/radio/radio.o
 .debug_frame   0x00000688       0x54 shared/radio/spi.o
 .debug_frame   0x000006dc      0x124 shared/roomba/roomba.o
 .debug_frame   0x00000800       0xb8 shared/roomba/roomba_music.o
 .debug_frame   0x000008b8      0x200 shared/rtos_n/os.o
 .debug_frame   0x00000ab8       0xd8 shared/trace_uart/trace_uart.o
 .debug_frame   0x00000b90       0x94 shared/uart/uart.o
 .debug_frame   0x00000c24       0xbc C:\Users\Bjacklyn\Desktop\arduinoCore\libcore.a(wiring.c.o)
 .debug_frame   0x00000ce0       0x88 C:\Users\Bjacklyn\Desktop\arduinoCore\libcore.a(wiring_digital.c.o)
 .debug_frame   0x00000d68      0x110 C:\Users\Bjacklyn\Desktop\arduinoCore\libcore.a(HardwareSerial.cpp.o)
 .debug_frame   0x00000e78       0xc0 C:\Users\Bjacklyn\Desktop\arduinoCore\libcore.a(HardwareSerial2.cpp.o)
 .debug_frame   0x00000f38       0x54 C:\Users\Bjacklyn\Desktop\arduinoCore\libcore.a(new.cpp.o)
 .debug_frame   0x00000f8c      0x3b8 C:\Users\Bjacklyn\Desktop\arduinoCore\libcore.a(Print.cpp.o)
 .debug_frame   0x00001344       0x24 C:\Users\Bjacklyn\Desktop\arduinoCore\libcore.a(hooks.c.o)

.debug_str      0x00000000     0x3a11
 *(.debug_str)
 .debug_str     0x00000000      0xcec bluetooth/bluetooth.o
                                0xd95 (size before relaxing)
 .debug_str     0x00000cec      0xa84 main.o
                               0x177f (size before relaxing)
 .debug_str     0x00001770       0x7f shared/game.o
                                0x2a6 (size before relaxing)
 .debug_str     0x000017ef       0xec shared/ir/ir.o
                                0x32f (size before relaxing)
 .debug_str     0x000018db      0x256 shared/radio/radio.o
                                0x8b3 (size before relaxing)
 .debug_str     0x00001b31       0x18 shared/radio/spi.o
                                0x256 (size before relaxing)
 .debug_str     0x00001b49      0x500 shared/roomba/roomba.o
                                0x7be (size before relaxing)
 .debug_str     0x00002049      0x10b shared/roomba/roomba_music.o
                                0x467 (size before relaxing)
 .debug_str     0x00002154      0x797 shared/rtos_n/os.o
                                0xafd (size before relaxing)
 .debug_str     0x000028eb      0x172 shared/trace_uart/trace_uart.o
                                0x326 (size before relaxing)
 .debug_str     0x00002a5d       0x4b shared/uart/uart.o
                                0x318 (size before relaxing)
 .debug_str     0x00002aa8       0xfd C:\Users\Bjacklyn\Desktop\arduinoCore\libcore.a(wiring.c.o)
                                0x19c (size before relaxing)
 .debug_str     0x00002ba5      0x10a C:\Users\Bjacklyn\Desktop\arduinoCore\libcore.a(wiring_digital.c.o)
                                0x20a (size before relaxing)
 .debug_str     0x00002caf      0x84c C:\Users\Bjacklyn\Desktop\arduinoCore\libcore.a(HardwareSerial.cpp.o)
                               0x123e (size before relaxing)
 .debug_str     0x000034fb       0x7d C:\Users\Bjacklyn\Desktop\arduinoCore\libcore.a(HardwareSerial2.cpp.o)
                                0xf61 (size before relaxing)
 .debug_str     0x00003578       0xa2 C:\Users\Bjacklyn\Desktop\arduinoCore\libcore.a(new.cpp.o)
                                0x164 (size before relaxing)
 .debug_str     0x0000361a      0x3a5 C:\Users\Bjacklyn\Desktop\arduinoCore\libcore.a(Print.cpp.o)
                                0xe20 (size before relaxing)
 .debug_str     0x000039bf       0x52 C:\Users\Bjacklyn\Desktop\arduinoCore\libcore.a(hooks.c.o)
                                 0x9a (size before relaxing)

.debug_loc      0x00000000     0x5a3b
 *(.debug_loc)
 .debug_loc     0x00000000      0x660 bluetooth/bluetooth.o
 .debug_loc     0x00000660      0x33e main.o
 .debug_loc     0x0000099e       0xa5 shared/game.o
 .debug_loc     0x00000a43      0x1d9 shared/ir/ir.o
 .debug_loc     0x00000c1c      0xaed shared/radio/radio.o
 .debug_loc     0x00001709       0xd7 shared/radio/spi.o
 .debug_loc     0x000017e0      0x4b7 shared/roomba/roomba.o
 .debug_loc     0x00001c97      0x23b shared/roomba/roomba_music.o
 .debug_loc     0x00001ed2      0x9fc shared/rtos_n/os.o
 .debug_loc     0x000028ce      0x1ba shared/trace_uart/trace_uart.o
 .debug_loc     0x00002a88      0x118 shared/uart/uart.o
 .debug_loc     0x00002ba0      0x22b C:\Users\Bjacklyn\Desktop\arduinoCore\libcore.a(wiring.c.o)
 .debug_loc     0x00002dcb      0x6fd C:\Users\Bjacklyn\Desktop\arduinoCore\libcore.a(wiring_digital.c.o)
 .debug_loc     0x000034c8      0x48d C:\Users\Bjacklyn\Desktop\arduinoCore\libcore.a(HardwareSerial.cpp.o)
 .debug_loc     0x00003955      0x161 C:\Users\Bjacklyn\Desktop\arduinoCore\libcore.a(HardwareSerial2.cpp.o)
 .debug_loc     0x00003ab6       0x98 C:\Users\Bjacklyn\Desktop\arduinoCore\libcore.a(new.cpp.o)
 .debug_loc     0x00003b4e     0x1eed C:\Users\Bjacklyn\Desktop\arduinoCore\libcore.a(Print.cpp.o)

.debug_macinfo
 *(.debug_macinfo)

.debug_weaknames
 *(.debug_weaknames)

.debug_funcnames
 *(.debug_funcnames)

.debug_typenames
 *(.debug_typenames)

.debug_varnames
 *(.debug_varnames)

.debug_pubtypes
 *(.debug_pubtypes)

.debug_ranges   0x00000000      0x760
 *(.debug_ranges)
 .debug_ranges  0x00000000       0x80 bluetooth/bluetooth.o
 .debug_ranges  0x00000080       0x98 main.o
 .debug_ranges  0x00000118       0x10 shared/game.o
 .debug_ranges  0x00000128       0x50 shared/ir/ir.o
 .debug_ranges  0x00000178       0x80 shared/radio/radio.o
 .debug_ranges  0x000001f8       0x28 shared/radio/spi.o
 .debug_ranges  0x00000220       0x60 shared/roomba/roomba.o
 .debug_ranges  0x00000280       0x38 shared/roomba/roomba_music.o
 .debug_ranges  0x000002b8      0x1a0 shared/rtos_n/os.o
 .debug_ranges  0x00000458       0x48 shared/trace_uart/trace_uart.o
 .debug_ranges  0x000004a0       0x38 shared/uart/uart.o
 .debug_ranges  0x000004d8       0x38 C:\Users\Bjacklyn\Desktop\arduinoCore\libcore.a(wiring.c.o)
 .debug_ranges  0x00000510       0x40 C:\Users\Bjacklyn\Desktop\arduinoCore\libcore.a(wiring_digital.c.o)
 .debug_ranges  0x00000550       0x70 C:\Users\Bjacklyn\Desktop\arduinoCore\libcore.a(HardwareSerial.cpp.o)
 .debug_ranges  0x000005c0       0x28 C:\Users\Bjacklyn\Desktop\arduinoCore\libcore.a(HardwareSerial2.cpp.o)
 .debug_ranges  0x000005e8       0x28 C:\Users\Bjacklyn\Desktop\arduinoCore\libcore.a(new.cpp.o)
 .debug_ranges  0x00000610      0x140 C:\Users\Bjacklyn\Desktop\arduinoCore\libcore.a(Print.cpp.o)
 .debug_ranges  0x00000750       0x10 C:\Users\Bjacklyn\Desktop\arduinoCore\libcore.a(hooks.c.o)

.debug_macro
 *(.debug_macro)
OUTPUT(RoombaVersion3.elf elf32-avr)
LOAD linker stubs
