Archive member included because of file (symbol)

c:/program files (x86)/atmel/atmel toolchain/avr8 gcc/native/3.4.1061/avr8-gnu-toolchain/bin/../lib/gcc/avr/4.8.1/avr6\libgcc.a(_divmodhi4.o)
                              shared/trace_uart/trace_uart.o (__divmodhi4)
c:/program files (x86)/atmel/atmel toolchain/avr8 gcc/native/3.4.1061/avr8-gnu-toolchain/bin/../lib/gcc/avr/4.8.1/avr6\libgcc.a(_exit.o)
                              c:/program files (x86)/atmel/atmel toolchain/avr8 gcc/native/3.4.1061/avr8-gnu-toolchain/bin/../lib/gcc/avr/4.8.1/../../../../avr/lib/avr6/crtm2560.o (exit)
c:/program files (x86)/atmel/atmel toolchain/avr8 gcc/native/3.4.1061/avr8-gnu-toolchain/bin/../lib/gcc/avr/4.8.1/avr6\libgcc.a(_tablejump.o)
                              shared/music_stream.o (__tablejump2__)
c:/program files (x86)/atmel/atmel toolchain/avr8 gcc/native/3.4.1061/avr8-gnu-toolchain/bin/../lib/gcc/avr/4.8.1/avr6\libgcc.a(_copy_data.o)
                              main.o (__do_copy_data)
c:/program files (x86)/atmel/atmel toolchain/avr8 gcc/native/3.4.1061/avr8-gnu-toolchain/bin/../lib/gcc/avr/4.8.1/avr6\libgcc.a(_clear_bss.o)
                              main.o (__do_clear_bss)
c:/program files (x86)/atmel/atmel toolchain/avr8 gcc/native/3.4.1061/avr8-gnu-toolchain/bin/../lib/gcc/avr/4.8.1/avr6\libgcc.a(_umulhisi3.o)
                              shared/rtos_n/os.o (__umulhisi3)
c:/program files (x86)/atmel/atmel toolchain/avr8 gcc/native/3.4.1061/avr8-gnu-toolchain/bin/../lib/gcc/avr/4.8.1/avr6\libgcc.a(_udivmodhi4.o)
                              c:/program files (x86)/atmel/atmel toolchain/avr8 gcc/native/3.4.1061/avr8-gnu-toolchain/bin/../lib/gcc/avr/4.8.1/avr6\libgcc.a(_divmodhi4.o) (__udivmodhi4)
c:/program files (x86)/atmel/atmel toolchain/avr8 gcc/native/3.4.1061/avr8-gnu-toolchain/bin/../lib/gcc/avr/4.8.1/../../../../avr/lib/avr6\libc.a(sprintf.o)
                              shared/trace/trace.o (sprintf)
c:/program files (x86)/atmel/atmel toolchain/avr8 gcc/native/3.4.1061/avr8-gnu-toolchain/bin/../lib/gcc/avr/4.8.1/../../../../avr/lib/avr6\libc.a(vfprintf_std.o)
                              c:/program files (x86)/atmel/atmel toolchain/avr8 gcc/native/3.4.1061/avr8-gnu-toolchain/bin/../lib/gcc/avr/4.8.1/../../../../avr/lib/avr6\libc.a(sprintf.o) (vfprintf)
c:/program files (x86)/atmel/atmel toolchain/avr8 gcc/native/3.4.1061/avr8-gnu-toolchain/bin/../lib/gcc/avr/4.8.1/../../../../avr/lib/avr6\libc.a(strnlen_P.o)
                              c:/program files (x86)/atmel/atmel toolchain/avr8 gcc/native/3.4.1061/avr8-gnu-toolchain/bin/../lib/gcc/avr/4.8.1/../../../../avr/lib/avr6\libc.a(vfprintf_std.o) (strnlen_P)
c:/program files (x86)/atmel/atmel toolchain/avr8 gcc/native/3.4.1061/avr8-gnu-toolchain/bin/../lib/gcc/avr/4.8.1/../../../../avr/lib/avr6\libc.a(strnlen.o)
                              c:/program files (x86)/atmel/atmel toolchain/avr8 gcc/native/3.4.1061/avr8-gnu-toolchain/bin/../lib/gcc/avr/4.8.1/../../../../avr/lib/avr6\libc.a(vfprintf_std.o) (strnlen)
c:/program files (x86)/atmel/atmel toolchain/avr8 gcc/native/3.4.1061/avr8-gnu-toolchain/bin/../lib/gcc/avr/4.8.1/../../../../avr/lib/avr6\libc.a(fputc.o)
                              c:/program files (x86)/atmel/atmel toolchain/avr8 gcc/native/3.4.1061/avr8-gnu-toolchain/bin/../lib/gcc/avr/4.8.1/../../../../avr/lib/avr6\libc.a(vfprintf_std.o) (fputc)
c:/program files (x86)/atmel/atmel toolchain/avr8 gcc/native/3.4.1061/avr8-gnu-toolchain/bin/../lib/gcc/avr/4.8.1/../../../../avr/lib/avr6\libc.a(ultoa_invert.o)
                              c:/program files (x86)/atmel/atmel toolchain/avr8 gcc/native/3.4.1061/avr8-gnu-toolchain/bin/../lib/gcc/avr/4.8.1/../../../../avr/lib/avr6\libc.a(vfprintf_std.o) (__ultoa_invert)

Discarded input sections

 .data          0x00000000        0x0 c:/program files (x86)/atmel/atmel toolchain/avr8 gcc/native/3.4.1061/avr8-gnu-toolchain/bin/../lib/gcc/avr/4.8.1/../../../../avr/lib/avr6/crtm2560.o
 .bss           0x00000000        0x0 c:/program files (x86)/atmel/atmel toolchain/avr8 gcc/native/3.4.1061/avr8-gnu-toolchain/bin/../lib/gcc/avr/4.8.1/../../../../avr/lib/avr6/crtm2560.o
 .text          0x00000000        0x0 main.o
 .data          0x00000000        0x0 main.o
 .bss           0x00000000        0x0 main.o
 .text          0x00000000        0x0 shared/game.o
 .data          0x00000000        0x0 shared/game.o
 .bss           0x00000000        0x0 shared/game.o
 .text._Z27Game_send_command_to_roombaP17_roomba_command_t
                0x00000000       0x62 shared/game.o
 .data.ROOMBA_FREQUENCIES
                0x00000000        0x4 shared/game.o
 .text          0x00000000        0x0 shared/ir/ir.o
 .data          0x00000000        0x0 shared/ir/ir.o
 .bss           0x00000000        0x0 shared/ir/ir.o
 .text          0x00000000        0x0 shared/joystick/joystick.o
 .data          0x00000000        0x0 shared/joystick/joystick.o
 .bss           0x00000000        0x0 shared/joystick/joystick.o
 .text._Z17setup_controllersv
                0x00000000       0x2e shared/joystick/joystick.o
 .text._Z11read_analogh
                0x00000000       0x34 shared/joystick/joystick.o
 .debug_info    0x00000000       0xb3 shared/joystick/joystick.o
 .debug_abbrev  0x00000000       0x7c shared/joystick/joystick.o
 .debug_loc     0x00000000       0x21 shared/joystick/joystick.o
 .debug_aranges
                0x00000000       0x28 shared/joystick/joystick.o
 .debug_ranges  0x00000000       0x18 shared/joystick/joystick.o
 .debug_line    0x00000000      0x118 shared/joystick/joystick.o
 .debug_str     0x00000000      0x1fd shared/joystick/joystick.o
 .comment       0x00000000       0x31 shared/joystick/joystick.o
 .debug_frame   0x00000000       0x34 shared/joystick/joystick.o
 .text          0x00000000        0x0 shared/music_stream.o
 .data          0x00000000        0x0 shared/music_stream.o
 .bss           0x00000000        0x0 shared/music_stream.o
 .text._ZL11_play_musicv
                0x00000000       0xb4 shared/music_stream.o
 .text._Z17Music_Stream_initv
                0x00000000        0xe shared/music_stream.o
 .text._Z17Music_Stream_playv
                0x00000000       0x16 shared/music_stream.o
 .text._Z21Music_Stream_add_notehh
                0x00000000       0x2c shared/music_stream.o
 .text._Z26Music_Stream_add_note_charPKch
                0x00000000       0xee shared/music_stream.o
 .progmem.gcc_sw_table._Z26Music_Stream_add_note_charPKch
                0x00000000       0x24 shared/music_stream.o
 .bss._ZL12music_stream
                0x00000000      0x103 shared/music_stream.o
 .debug_info    0x00000000      0x4c3 shared/music_stream.o
 .debug_abbrev  0x00000000      0x25d shared/music_stream.o
 .debug_loc     0x00000000      0x11a shared/music_stream.o
 .debug_aranges
                0x00000000       0x40 shared/music_stream.o
 .debug_ranges  0x00000000       0x48 shared/music_stream.o
 .debug_line    0x00000000      0x297 shared/music_stream.o
 .debug_str     0x00000000      0x528 shared/music_stream.o
 .comment       0x00000000       0x31 shared/music_stream.o
 .debug_frame   0x00000000       0x74 shared/music_stream.o
 .text          0x00000000        0x0 shared/radio/radio.o
 .data          0x00000000        0x0 shared/radio/radio.o
 .bss           0x00000000        0x0 shared/radio/radio.o
 .text._Z18Radio_Success_Ratev
                0x00000000       0x40 shared/radio/radio.o
 .text._Z11Radio_Flushv
                0x00000000       0x22 shared/radio/radio.o
 .text          0x00000000        0x0 shared/radio/spi.o
 .data          0x00000000        0x0 shared/radio/spi.o
 .bss           0x00000000        0x0 shared/radio/spi.o
 .text          0x00000000        0x0 shared/roomba/roomba_bump_detection.o
 .data          0x00000000        0x0 shared/roomba/roomba_bump_detection.o
 .bss           0x00000000        0x0 shared/roomba/roomba_bump_detection.o
 .text          0x00000000        0x0 shared/roomba/simple_music.o
 .data          0x00000000        0x0 shared/roomba/simple_music.o
 .bss           0x00000000        0x0 shared/roomba/simple_music.o
 .debug_line    0x00000000        0x0 shared/roomba/simple_music.o
 .debug_str     0x00000000        0x0 shared/roomba/simple_music.o
 .comment       0x00000000       0x31 shared/roomba/simple_music.o
 .text          0x00000000        0x0 shared/roomba/roomba.o
 .data          0x00000000        0x0 shared/roomba/roomba.o
 .bss           0x00000000        0x0 shared/roomba/roomba.o
 .text._Z13Roomba_Finishv
                0x00000000        0x8 shared/roomba/roomba.o
 .text._Z10Roomba_LEDaaa
                0x00000000       0x2c shared/roomba/roomba.o
 .text._Z14Roomba_OI_Modev
                0x00000000       0x2a shared/roomba/roomba.o
 .text._Z17Roomba_Query_ListPaaS_a
                0x00000000       0x9e shared/roomba/roomba.o
 .text._Z27Roomba_LightBumperDetectionv
                0x00000000       0x2a shared/roomba/roomba.o
 .text          0x00000000        0x0 shared/roomba/roomba_led_sci.o
 .data          0x00000000        0x0 shared/roomba/roomba_led_sci.o
 .bss           0x00000000        0x0 shared/roomba/roomba_led_sci.o
 .text._ZL9_set_bitsia
                0x00000000       0x42 shared/roomba/roomba_led_sci.o
 .text._Z17Roomba_led_debrisi
                0x00000000       0x18 shared/roomba/roomba_led_sci.o
 .text._Z15Roomba_led_spoti
                0x00000000       0x18 shared/roomba/roomba_led_sci.o
 .text._Z15Roomba_led_docki
                0x00000000       0x18 shared/roomba/roomba_led_sci.o
 .text._Z15Roomba_led_warni
                0x00000000       0x18 shared/roomba/roomba_led_sci.o
 .text._Z19Roomba_led_main_ledaa
                0x00000000       0x16 shared/roomba/roomba_led_sci.o
 .bss._ZL9_led_bits
                0x00000000        0x1 shared/roomba/roomba_led_sci.o
 .bss._ZL10_intensity
                0x00000000        0x1 shared/roomba/roomba_led_sci.o
 .bss._ZL6_color
                0x00000000        0x1 shared/roomba/roomba_led_sci.o
 .debug_info    0x00000000      0x29e shared/roomba/roomba_led_sci.o
 .debug_abbrev  0x00000000       0xdf shared/roomba/roomba_led_sci.o
 .debug_loc     0x00000000      0x16e shared/roomba/roomba_led_sci.o
 .debug_aranges
                0x00000000       0x48 shared/roomba/roomba_led_sci.o
 .debug_ranges  0x00000000       0x38 shared/roomba/roomba_led_sci.o
 .debug_line    0x00000000      0x170 shared/roomba/roomba_led_sci.o
 .debug_str     0x00000000      0x2d5 shared/roomba/roomba_led_sci.o
 .comment       0x00000000       0x31 shared/roomba/roomba_led_sci.o
 .debug_frame   0x00000000       0x74 shared/roomba/roomba_led_sci.o
 .text          0x00000000        0x0 shared/roomba/roomba_music.o
 .data          0x00000000        0x0 shared/roomba/roomba_music.o
 .bss           0x00000000        0x0 shared/roomba/roomba_music.o
 .text._Z33Roomba_Music_get_duration_of_songP20_roomba_music_song_t
                0x00000000       0x68 shared/roomba/roomba_music.o
 .text._Z28Roomba_Music_is_song_playingv
                0x00000000       0x2a shared/roomba/roomba_music.o
 .text._Z25Roomba_Music_current_songv
                0x00000000       0x2a shared/roomba/roomba_music.o
 .text          0x00000000        0x0 shared/rtos_n/os.o
 .data          0x00000000        0x0 shared/rtos_n/os.o
 .bss           0x00000000        0x0 shared/rtos_n/os.o
 .text.Task_GetArg
                0x00000000       0x12 shared/rtos_n/os.o
 .text.OS_DisablePreemption
                0x00000000        0xe shared/rtos_n/os.o
 .text.Now      0x00000000       0x50 shared/rtos_n/os.o
 .text          0x00000000        0x0 shared/rtos_n/timer.o
 .data          0x00000000        0x0 shared/rtos_n/timer.o
 .bss           0x00000000        0x0 shared/rtos_n/timer.o
 .text._Z11timer_valuePV8os_timer
                0x00000000       0x36 shared/rtos_n/timer.o
 .text._Z11timer_resetPV8os_timer
                0x00000000       0x12 shared/rtos_n/timer.o
 .text._Z11timer_pausePV8os_timer
                0x00000000       0x38 shared/rtos_n/timer.o
 .text._Z12timer_resumePV8os_timer
                0x00000000       0x26 shared/rtos_n/timer.o
 .debug_info    0x00000000      0x268 shared/rtos_n/timer.o
 .debug_abbrev  0x00000000      0x12a shared/rtos_n/timer.o
 .debug_loc     0x00000000      0x253 shared/rtos_n/timer.o
 .debug_aranges
                0x00000000       0x38 shared/rtos_n/timer.o
 .debug_ranges  0x00000000       0x28 shared/rtos_n/timer.o
 .debug_line    0x00000000      0x1c9 shared/rtos_n/timer.o
 .debug_str     0x00000000      0x2a0 shared/rtos_n/timer.o
 .comment       0x00000000       0x31 shared/rtos_n/timer.o
 .debug_frame   0x00000000       0x84 shared/rtos_n/timer.o
 .text          0x00000000        0x0 shared/trace/trace.o
 .data          0x00000000        0x0 shared/trace/trace.o
 .bss           0x00000000        0x0 shared/trace/trace.o
 .rodata.str1.1
                0x00000000        0xb shared/trace/trace.o
 .text._Z11print_tracev
                0x00000000       0xce shared/trace/trace.o
 .text._Z12add_to_tracej
                0x00000000       0x38 shared/trace/trace.o
 .text._Z14set_trace_testh
                0x00000000        0x6 shared/trace/trace.o
 .text._Z13is_trace_fullv
                0x00000000       0x18 shared/trace/trace.o
 .text._Z11reset_tracev
                0x00000000        0xe shared/trace/trace.o
 .bss.trace_buffer
                0x00000000       0x20 shared/trace/trace.o
 .bss.trace_counter
                0x00000000        0x2 shared/trace/trace.o
 .bss.trace_array
                0x00000000      0x200 shared/trace/trace.o
 .bss.trace_printed
                0x00000000        0x1 shared/trace/trace.o
 .bss.trace_number
                0x00000000        0x1 shared/trace/trace.o
 .debug_info    0x00000000      0x26f shared/trace/trace.o
 .debug_abbrev  0x00000000      0x186 shared/trace/trace.o
 .debug_loc     0x00000000      0x1d1 shared/trace/trace.o
 .debug_aranges
                0x00000000       0x40 shared/trace/trace.o
 .debug_ranges  0x00000000       0x30 shared/trace/trace.o
 .debug_line    0x00000000      0x1b5 shared/trace/trace.o
 .debug_str     0x00000000      0x2e6 shared/trace/trace.o
 .comment       0x00000000       0x31 shared/trace/trace.o
 .debug_frame   0x00000000       0xb8 shared/trace/trace.o
 .text          0x00000000        0x0 shared/trace_uart/trace_uart.o
 .data          0x00000000        0x0 shared/trace_uart/trace_uart.o
 .bss           0x00000000        0x0 shared/trace_uart/trace_uart.o
 .text._Z18trace_uart_putcharc
                0x00000000       0x14 shared/trace_uart/trace_uart.o
 .text._Z18trace_uart_getchari
                0x00000000       0x14 shared/trace_uart/trace_uart.o
 .text._Z17trace_uart_putstrPc
                0x00000000       0x1e shared/trace_uart/trace_uart.o
 .text._Z16trace_uart_writePhi
                0x00000000        0xa shared/trace_uart/trace_uart.o
 .text._Z15trace_uart_initv
                0x00000000       0x24 shared/trace_uart/trace_uart.o
 .text._Z21trace_uart_bytes_recvv
                0x00000000        0xa shared/trace_uart/trace_uart.o
 .text._Z21trace_uart_reset_recvv
                0x00000000        0xa shared/trace_uart/trace_uart.o
 .text          0x00000000        0x0 shared/uart/uart.o
 .data          0x00000000        0x0 shared/uart/uart.o
 .bss           0x00000000        0x0 shared/uart/uart.o
 .text          0x00000000        0x0 shared/usart.o
 .data          0x00000000        0x0 shared/usart.o
 .bss           0x00000000        0x0 shared/usart.o
 .text._Z10usart_initv
                0x00000000       0x18 shared/usart.o
 .text._Z10usart_sendc
                0x00000000       0x10 shared/usart.o
 .text._Z16usart_send_bytesPcj
                0x00000000       0x3e shared/usart.o
 .debug_info    0x00000000      0x14c shared/usart.o
 .debug_abbrev  0x00000000      0x105 shared/usart.o
 .debug_loc     0x00000000       0xdd shared/usart.o
 .debug_aranges
                0x00000000       0x30 shared/usart.o
 .debug_ranges  0x00000000       0x20 shared/usart.o
 .debug_line    0x00000000      0x136 shared/usart.o
 .debug_str     0x00000000      0x20e shared/usart.o
 .comment       0x00000000       0x31 shared/usart.o
 .debug_frame   0x00000000       0x58 shared/usart.o
 .text          0x00000000        0x0 c:/program files (x86)/atmel/atmel toolchain/avr8 gcc/native/3.4.1061/avr8-gnu-toolchain/bin/../lib/gcc/avr/4.8.1/avr6\libgcc.a(_divmodhi4.o)
 .data          0x00000000        0x0 c:/program files (x86)/atmel/atmel toolchain/avr8 gcc/native/3.4.1061/avr8-gnu-toolchain/bin/../lib/gcc/avr/4.8.1/avr6\libgcc.a(_divmodhi4.o)
 .bss           0x00000000        0x0 c:/program files (x86)/atmel/atmel toolchain/avr8 gcc/native/3.4.1061/avr8-gnu-toolchain/bin/../lib/gcc/avr/4.8.1/avr6\libgcc.a(_divmodhi4.o)
 .text.libgcc.mul
                0x00000000        0x0 c:/program files (x86)/atmel/atmel toolchain/avr8 gcc/native/3.4.1061/avr8-gnu-toolchain/bin/../lib/gcc/avr/4.8.1/avr6\libgcc.a(_divmodhi4.o)
 .text.libgcc   0x00000000        0x0 c:/program files (x86)/atmel/atmel toolchain/avr8 gcc/native/3.4.1061/avr8-gnu-toolchain/bin/../lib/gcc/avr/4.8.1/avr6\libgcc.a(_divmodhi4.o)
 .text.libgcc.prologue
                0x00000000        0x0 c:/program files (x86)/atmel/atmel toolchain/avr8 gcc/native/3.4.1061/avr8-gnu-toolchain/bin/../lib/gcc/avr/4.8.1/avr6\libgcc.a(_divmodhi4.o)
 .text.libgcc.builtins
                0x00000000        0x0 c:/program files (x86)/atmel/atmel toolchain/avr8 gcc/native/3.4.1061/avr8-gnu-toolchain/bin/../lib/gcc/avr/4.8.1/avr6\libgcc.a(_divmodhi4.o)
 .text.libgcc.fmul
                0x00000000        0x0 c:/program files (x86)/atmel/atmel toolchain/avr8 gcc/native/3.4.1061/avr8-gnu-toolchain/bin/../lib/gcc/avr/4.8.1/avr6\libgcc.a(_divmodhi4.o)
 .text.libgcc.fixed
                0x00000000        0x0 c:/program files (x86)/atmel/atmel toolchain/avr8 gcc/native/3.4.1061/avr8-gnu-toolchain/bin/../lib/gcc/avr/4.8.1/avr6\libgcc.a(_divmodhi4.o)
 .text          0x00000000        0x0 c:/program files (x86)/atmel/atmel toolchain/avr8 gcc/native/3.4.1061/avr8-gnu-toolchain/bin/../lib/gcc/avr/4.8.1/avr6\libgcc.a(_exit.o)
 .data          0x00000000        0x0 c:/program files (x86)/atmel/atmel toolchain/avr8 gcc/native/3.4.1061/avr8-gnu-toolchain/bin/../lib/gcc/avr/4.8.1/avr6\libgcc.a(_exit.o)
 .bss           0x00000000        0x0 c:/program files (x86)/atmel/atmel toolchain/avr8 gcc/native/3.4.1061/avr8-gnu-toolchain/bin/../lib/gcc/avr/4.8.1/avr6\libgcc.a(_exit.o)
 .text.libgcc.mul
                0x00000000        0x0 c:/program files (x86)/atmel/atmel toolchain/avr8 gcc/native/3.4.1061/avr8-gnu-toolchain/bin/../lib/gcc/avr/4.8.1/avr6\libgcc.a(_exit.o)
 .text.libgcc.div
                0x00000000        0x0 c:/program files (x86)/atmel/atmel toolchain/avr8 gcc/native/3.4.1061/avr8-gnu-toolchain/bin/../lib/gcc/avr/4.8.1/avr6\libgcc.a(_exit.o)
 .text.libgcc   0x00000000        0x0 c:/program files (x86)/atmel/atmel toolchain/avr8 gcc/native/3.4.1061/avr8-gnu-toolchain/bin/../lib/gcc/avr/4.8.1/avr6\libgcc.a(_exit.o)
 .text.libgcc.prologue
                0x00000000        0x0 c:/program files (x86)/atmel/atmel toolchain/avr8 gcc/native/3.4.1061/avr8-gnu-toolchain/bin/../lib/gcc/avr/4.8.1/avr6\libgcc.a(_exit.o)
 .text.libgcc.builtins
                0x00000000        0x0 c:/program files (x86)/atmel/atmel toolchain/avr8 gcc/native/3.4.1061/avr8-gnu-toolchain/bin/../lib/gcc/avr/4.8.1/avr6\libgcc.a(_exit.o)
 .text.libgcc.fmul
                0x00000000        0x0 c:/program files (x86)/atmel/atmel toolchain/avr8 gcc/native/3.4.1061/avr8-gnu-toolchain/bin/../lib/gcc/avr/4.8.1/avr6\libgcc.a(_exit.o)
 .text.libgcc.fixed
                0x00000000        0x0 c:/program files (x86)/atmel/atmel toolchain/avr8 gcc/native/3.4.1061/avr8-gnu-toolchain/bin/../lib/gcc/avr/4.8.1/avr6\libgcc.a(_exit.o)
 .text          0x00000000        0x0 c:/program files (x86)/atmel/atmel toolchain/avr8 gcc/native/3.4.1061/avr8-gnu-toolchain/bin/../lib/gcc/avr/4.8.1/avr6\libgcc.a(_tablejump.o)
 .data          0x00000000        0x0 c:/program files (x86)/atmel/atmel toolchain/avr8 gcc/native/3.4.1061/avr8-gnu-toolchain/bin/../lib/gcc/avr/4.8.1/avr6\libgcc.a(_tablejump.o)
 .bss           0x00000000        0x0 c:/program files (x86)/atmel/atmel toolchain/avr8 gcc/native/3.4.1061/avr8-gnu-toolchain/bin/../lib/gcc/avr/4.8.1/avr6\libgcc.a(_tablejump.o)
 .text.libgcc.mul
                0x00000000        0x0 c:/program files (x86)/atmel/atmel toolchain/avr8 gcc/native/3.4.1061/avr8-gnu-toolchain/bin/../lib/gcc/avr/4.8.1/avr6\libgcc.a(_tablejump.o)
 .text.libgcc.div
                0x00000000        0x0 c:/program files (x86)/atmel/atmel toolchain/avr8 gcc/native/3.4.1061/avr8-gnu-toolchain/bin/../lib/gcc/avr/4.8.1/avr6\libgcc.a(_tablejump.o)
 .text.libgcc.prologue
                0x00000000        0x0 c:/program files (x86)/atmel/atmel toolchain/avr8 gcc/native/3.4.1061/avr8-gnu-toolchain/bin/../lib/gcc/avr/4.8.1/avr6\libgcc.a(_tablejump.o)
 .text.libgcc.builtins
                0x00000000        0x0 c:/program files (x86)/atmel/atmel toolchain/avr8 gcc/native/3.4.1061/avr8-gnu-toolchain/bin/../lib/gcc/avr/4.8.1/avr6\libgcc.a(_tablejump.o)
 .text.libgcc.fmul
                0x00000000        0x0 c:/program files (x86)/atmel/atmel toolchain/avr8 gcc/native/3.4.1061/avr8-gnu-toolchain/bin/../lib/gcc/avr/4.8.1/avr6\libgcc.a(_tablejump.o)
 .text.libgcc.fixed
                0x00000000        0x0 c:/program files (x86)/atmel/atmel toolchain/avr8 gcc/native/3.4.1061/avr8-gnu-toolchain/bin/../lib/gcc/avr/4.8.1/avr6\libgcc.a(_tablejump.o)
 .text          0x00000000        0x0 c:/program files (x86)/atmel/atmel toolchain/avr8 gcc/native/3.4.1061/avr8-gnu-toolchain/bin/../lib/gcc/avr/4.8.1/avr6\libgcc.a(_copy_data.o)
 .data          0x00000000        0x0 c:/program files (x86)/atmel/atmel toolchain/avr8 gcc/native/3.4.1061/avr8-gnu-toolchain/bin/../lib/gcc/avr/4.8.1/avr6\libgcc.a(_copy_data.o)
 .bss           0x00000000        0x0 c:/program files (x86)/atmel/atmel toolchain/avr8 gcc/native/3.4.1061/avr8-gnu-toolchain/bin/../lib/gcc/avr/4.8.1/avr6\libgcc.a(_copy_data.o)
 .text.libgcc.mul
                0x00000000        0x0 c:/program files (x86)/atmel/atmel toolchain/avr8 gcc/native/3.4.1061/avr8-gnu-toolchain/bin/../lib/gcc/avr/4.8.1/avr6\libgcc.a(_copy_data.o)
 .text.libgcc.div
                0x00000000        0x0 c:/program files (x86)/atmel/atmel toolchain/avr8 gcc/native/3.4.1061/avr8-gnu-toolchain/bin/../lib/gcc/avr/4.8.1/avr6\libgcc.a(_copy_data.o)
 .text.libgcc   0x00000000        0x0 c:/program files (x86)/atmel/atmel toolchain/avr8 gcc/native/3.4.1061/avr8-gnu-toolchain/bin/../lib/gcc/avr/4.8.1/avr6\libgcc.a(_copy_data.o)
 .text.libgcc.prologue
                0x00000000        0x0 c:/program files (x86)/atmel/atmel toolchain/avr8 gcc/native/3.4.1061/avr8-gnu-toolchain/bin/../lib/gcc/avr/4.8.1/avr6\libgcc.a(_copy_data.o)
 .text.libgcc.builtins
                0x00000000        0x0 c:/program files (x86)/atmel/atmel toolchain/avr8 gcc/native/3.4.1061/avr8-gnu-toolchain/bin/../lib/gcc/avr/4.8.1/avr6\libgcc.a(_copy_data.o)
 .text.libgcc.fmul
                0x00000000        0x0 c:/program files (x86)/atmel/atmel toolchain/avr8 gcc/native/3.4.1061/avr8-gnu-toolchain/bin/../lib/gcc/avr/4.8.1/avr6\libgcc.a(_copy_data.o)
 .text.libgcc.fixed
                0x00000000        0x0 c:/program files (x86)/atmel/atmel toolchain/avr8 gcc/native/3.4.1061/avr8-gnu-toolchain/bin/../lib/gcc/avr/4.8.1/avr6\libgcc.a(_copy_data.o)
 .text          0x00000000        0x0 c:/program files (x86)/atmel/atmel toolchain/avr8 gcc/native/3.4.1061/avr8-gnu-toolchain/bin/../lib/gcc/avr/4.8.1/avr6\libgcc.a(_clear_bss.o)
 .data          0x00000000        0x0 c:/program files (x86)/atmel/atmel toolchain/avr8 gcc/native/3.4.1061/avr8-gnu-toolchain/bin/../lib/gcc/avr/4.8.1/avr6\libgcc.a(_clear_bss.o)
 .bss           0x00000000        0x0 c:/program files (x86)/atmel/atmel toolchain/avr8 gcc/native/3.4.1061/avr8-gnu-toolchain/bin/../lib/gcc/avr/4.8.1/avr6\libgcc.a(_clear_bss.o)
 .text.libgcc.mul
                0x00000000        0x0 c:/program files (x86)/atmel/atmel toolchain/avr8 gcc/native/3.4.1061/avr8-gnu-toolchain/bin/../lib/gcc/avr/4.8.1/avr6\libgcc.a(_clear_bss.o)
 .text.libgcc.div
                0x00000000        0x0 c:/program files (x86)/atmel/atmel toolchain/avr8 gcc/native/3.4.1061/avr8-gnu-toolchain/bin/../lib/gcc/avr/4.8.1/avr6\libgcc.a(_clear_bss.o)
 .text.libgcc   0x00000000        0x0 c:/program files (x86)/atmel/atmel toolchain/avr8 gcc/native/3.4.1061/avr8-gnu-toolchain/bin/../lib/gcc/avr/4.8.1/avr6\libgcc.a(_clear_bss.o)
 .text.libgcc.prologue
                0x00000000        0x0 c:/program files (x86)/atmel/atmel toolchain/avr8 gcc/native/3.4.1061/avr8-gnu-toolchain/bin/../lib/gcc/avr/4.8.1/avr6\libgcc.a(_clear_bss.o)
 .text.libgcc.builtins
                0x00000000        0x0 c:/program files (x86)/atmel/atmel toolchain/avr8 gcc/native/3.4.1061/avr8-gnu-toolchain/bin/../lib/gcc/avr/4.8.1/avr6\libgcc.a(_clear_bss.o)
 .text.libgcc.fmul
                0x00000000        0x0 c:/program files (x86)/atmel/atmel toolchain/avr8 gcc/native/3.4.1061/avr8-gnu-toolchain/bin/../lib/gcc/avr/4.8.1/avr6\libgcc.a(_clear_bss.o)
 .text.libgcc.fixed
                0x00000000        0x0 c:/program files (x86)/atmel/atmel toolchain/avr8 gcc/native/3.4.1061/avr8-gnu-toolchain/bin/../lib/gcc/avr/4.8.1/avr6\libgcc.a(_clear_bss.o)
 .text          0x00000000        0x0 c:/program files (x86)/atmel/atmel toolchain/avr8 gcc/native/3.4.1061/avr8-gnu-toolchain/bin/../lib/gcc/avr/4.8.1/avr6\libgcc.a(_umulhisi3.o)
 .data          0x00000000        0x0 c:/program files (x86)/atmel/atmel toolchain/avr8 gcc/native/3.4.1061/avr8-gnu-toolchain/bin/../lib/gcc/avr/4.8.1/avr6\libgcc.a(_umulhisi3.o)
 .bss           0x00000000        0x0 c:/program files (x86)/atmel/atmel toolchain/avr8 gcc/native/3.4.1061/avr8-gnu-toolchain/bin/../lib/gcc/avr/4.8.1/avr6\libgcc.a(_umulhisi3.o)
 .text.libgcc.mul
                0x00000000       0x1e c:/program files (x86)/atmel/atmel toolchain/avr8 gcc/native/3.4.1061/avr8-gnu-toolchain/bin/../lib/gcc/avr/4.8.1/avr6\libgcc.a(_umulhisi3.o)
 .text.libgcc.div
                0x00000000        0x0 c:/program files (x86)/atmel/atmel toolchain/avr8 gcc/native/3.4.1061/avr8-gnu-toolchain/bin/../lib/gcc/avr/4.8.1/avr6\libgcc.a(_umulhisi3.o)
 .text.libgcc   0x00000000        0x0 c:/program files (x86)/atmel/atmel toolchain/avr8 gcc/native/3.4.1061/avr8-gnu-toolchain/bin/../lib/gcc/avr/4.8.1/avr6\libgcc.a(_umulhisi3.o)
 .text.libgcc.prologue
                0x00000000        0x0 c:/program files (x86)/atmel/atmel toolchain/avr8 gcc/native/3.4.1061/avr8-gnu-toolchain/bin/../lib/gcc/avr/4.8.1/avr6\libgcc.a(_umulhisi3.o)
 .text.libgcc.builtins
                0x00000000        0x0 c:/program files (x86)/atmel/atmel toolchain/avr8 gcc/native/3.4.1061/avr8-gnu-toolchain/bin/../lib/gcc/avr/4.8.1/avr6\libgcc.a(_umulhisi3.o)
 .text.libgcc.fmul
                0x00000000        0x0 c:/program files (x86)/atmel/atmel toolchain/avr8 gcc/native/3.4.1061/avr8-gnu-toolchain/bin/../lib/gcc/avr/4.8.1/avr6\libgcc.a(_umulhisi3.o)
 .text.libgcc.fixed
                0x00000000        0x0 c:/program files (x86)/atmel/atmel toolchain/avr8 gcc/native/3.4.1061/avr8-gnu-toolchain/bin/../lib/gcc/avr/4.8.1/avr6\libgcc.a(_umulhisi3.o)
 .text          0x00000000        0x0 c:/program files (x86)/atmel/atmel toolchain/avr8 gcc/native/3.4.1061/avr8-gnu-toolchain/bin/../lib/gcc/avr/4.8.1/avr6\libgcc.a(_udivmodhi4.o)
 .data          0x00000000        0x0 c:/program files (x86)/atmel/atmel toolchain/avr8 gcc/native/3.4.1061/avr8-gnu-toolchain/bin/../lib/gcc/avr/4.8.1/avr6\libgcc.a(_udivmodhi4.o)
 .bss           0x00000000        0x0 c:/program files (x86)/atmel/atmel toolchain/avr8 gcc/native/3.4.1061/avr8-gnu-toolchain/bin/../lib/gcc/avr/4.8.1/avr6\libgcc.a(_udivmodhi4.o)
 .text.libgcc.mul
                0x00000000        0x0 c:/program files (x86)/atmel/atmel toolchain/avr8 gcc/native/3.4.1061/avr8-gnu-toolchain/bin/../lib/gcc/avr/4.8.1/avr6\libgcc.a(_udivmodhi4.o)
 .text.libgcc   0x00000000        0x0 c:/program files (x86)/atmel/atmel toolchain/avr8 gcc/native/3.4.1061/avr8-gnu-toolchain/bin/../lib/gcc/avr/4.8.1/avr6\libgcc.a(_udivmodhi4.o)
 .text.libgcc.prologue
                0x00000000        0x0 c:/program files (x86)/atmel/atmel toolchain/avr8 gcc/native/3.4.1061/avr8-gnu-toolchain/bin/../lib/gcc/avr/4.8.1/avr6\libgcc.a(_udivmodhi4.o)
 .text.libgcc.builtins
                0x00000000        0x0 c:/program files (x86)/atmel/atmel toolchain/avr8 gcc/native/3.4.1061/avr8-gnu-toolchain/bin/../lib/gcc/avr/4.8.1/avr6\libgcc.a(_udivmodhi4.o)
 .text.libgcc.fmul
                0x00000000        0x0 c:/program files (x86)/atmel/atmel toolchain/avr8 gcc/native/3.4.1061/avr8-gnu-toolchain/bin/../lib/gcc/avr/4.8.1/avr6\libgcc.a(_udivmodhi4.o)
 .text.libgcc.fixed
                0x00000000        0x0 c:/program files (x86)/atmel/atmel toolchain/avr8 gcc/native/3.4.1061/avr8-gnu-toolchain/bin/../lib/gcc/avr/4.8.1/avr6\libgcc.a(_udivmodhi4.o)
 .text          0x00000000        0x0 c:/program files (x86)/atmel/atmel toolchain/avr8 gcc/native/3.4.1061/avr8-gnu-toolchain/bin/../lib/gcc/avr/4.8.1/../../../../avr/lib/avr6\libc.a(sprintf.o)
 .data          0x00000000        0x0 c:/program files (x86)/atmel/atmel toolchain/avr8 gcc/native/3.4.1061/avr8-gnu-toolchain/bin/../lib/gcc/avr/4.8.1/../../../../avr/lib/avr6\libc.a(sprintf.o)
 .bss           0x00000000        0x0 c:/program files (x86)/atmel/atmel toolchain/avr8 gcc/native/3.4.1061/avr8-gnu-toolchain/bin/../lib/gcc/avr/4.8.1/../../../../avr/lib/avr6\libc.a(sprintf.o)
 .text.avr-libc
                0x00000000       0x5e c:/program files (x86)/atmel/atmel toolchain/avr8 gcc/native/3.4.1061/avr8-gnu-toolchain/bin/../lib/gcc/avr/4.8.1/../../../../avr/lib/avr6\libc.a(sprintf.o)
 .comment       0x00000000       0x31 c:/program files (x86)/atmel/atmel toolchain/avr8 gcc/native/3.4.1061/avr8-gnu-toolchain/bin/../lib/gcc/avr/4.8.1/../../../../avr/lib/avr6\libc.a(sprintf.o)
 .text          0x00000000        0x0 c:/program files (x86)/atmel/atmel toolchain/avr8 gcc/native/3.4.1061/avr8-gnu-toolchain/bin/../lib/gcc/avr/4.8.1/../../../../avr/lib/avr6\libc.a(vfprintf_std.o)
 .data          0x00000000        0x0 c:/program files (x86)/atmel/atmel toolchain/avr8 gcc/native/3.4.1061/avr8-gnu-toolchain/bin/../lib/gcc/avr/4.8.1/../../../../avr/lib/avr6\libc.a(vfprintf_std.o)
 .bss           0x00000000        0x0 c:/program files (x86)/atmel/atmel toolchain/avr8 gcc/native/3.4.1061/avr8-gnu-toolchain/bin/../lib/gcc/avr/4.8.1/../../../../avr/lib/avr6\libc.a(vfprintf_std.o)
 .text.avr-libc
                0x00000000      0x3f6 c:/program files (x86)/atmel/atmel toolchain/avr8 gcc/native/3.4.1061/avr8-gnu-toolchain/bin/../lib/gcc/avr/4.8.1/../../../../avr/lib/avr6\libc.a(vfprintf_std.o)
 .comment       0x00000000       0x2d c:/program files (x86)/atmel/atmel toolchain/avr8 gcc/native/3.4.1061/avr8-gnu-toolchain/bin/../lib/gcc/avr/4.8.1/../../../../avr/lib/avr6\libc.a(vfprintf_std.o)
 .text          0x00000000        0x0 c:/program files (x86)/atmel/atmel toolchain/avr8 gcc/native/3.4.1061/avr8-gnu-toolchain/bin/../lib/gcc/avr/4.8.1/../../../../avr/lib/avr6\libc.a(strnlen_P.o)
 .data          0x00000000        0x0 c:/program files (x86)/atmel/atmel toolchain/avr8 gcc/native/3.4.1061/avr8-gnu-toolchain/bin/../lib/gcc/avr/4.8.1/../../../../avr/lib/avr6\libc.a(strnlen_P.o)
 .bss           0x00000000        0x0 c:/program files (x86)/atmel/atmel toolchain/avr8 gcc/native/3.4.1061/avr8-gnu-toolchain/bin/../lib/gcc/avr/4.8.1/../../../../avr/lib/avr6\libc.a(strnlen_P.o)
 .text.avr-libc
                0x00000000       0x16 c:/program files (x86)/atmel/atmel toolchain/avr8 gcc/native/3.4.1061/avr8-gnu-toolchain/bin/../lib/gcc/avr/4.8.1/../../../../avr/lib/avr6\libc.a(strnlen_P.o)
 .text          0x00000000        0x0 c:/program files (x86)/atmel/atmel toolchain/avr8 gcc/native/3.4.1061/avr8-gnu-toolchain/bin/../lib/gcc/avr/4.8.1/../../../../avr/lib/avr6\libc.a(strnlen.o)
 .data          0x00000000        0x0 c:/program files (x86)/atmel/atmel toolchain/avr8 gcc/native/3.4.1061/avr8-gnu-toolchain/bin/../lib/gcc/avr/4.8.1/../../../../avr/lib/avr6\libc.a(strnlen.o)
 .bss           0x00000000        0x0 c:/program files (x86)/atmel/atmel toolchain/avr8 gcc/native/3.4.1061/avr8-gnu-toolchain/bin/../lib/gcc/avr/4.8.1/../../../../avr/lib/avr6\libc.a(strnlen.o)
 .text.avr-libc
                0x00000000       0x16 c:/program files (x86)/atmel/atmel toolchain/avr8 gcc/native/3.4.1061/avr8-gnu-toolchain/bin/../lib/gcc/avr/4.8.1/../../../../avr/lib/avr6\libc.a(strnlen.o)
 .text          0x00000000        0x0 c:/program files (x86)/atmel/atmel toolchain/avr8 gcc/native/3.4.1061/avr8-gnu-toolchain/bin/../lib/gcc/avr/4.8.1/../../../../avr/lib/avr6\libc.a(fputc.o)
 .data          0x00000000        0x0 c:/program files (x86)/atmel/atmel toolchain/avr8 gcc/native/3.4.1061/avr8-gnu-toolchain/bin/../lib/gcc/avr/4.8.1/../../../../avr/lib/avr6\libc.a(fputc.o)
 .bss           0x00000000        0x0 c:/program files (x86)/atmel/atmel toolchain/avr8 gcc/native/3.4.1061/avr8-gnu-toolchain/bin/../lib/gcc/avr/4.8.1/../../../../avr/lib/avr6\libc.a(fputc.o)
 .text.avr-libc
                0x00000000       0x64 c:/program files (x86)/atmel/atmel toolchain/avr8 gcc/native/3.4.1061/avr8-gnu-toolchain/bin/../lib/gcc/avr/4.8.1/../../../../avr/lib/avr6\libc.a(fputc.o)
 .comment       0x00000000       0x31 c:/program files (x86)/atmel/atmel toolchain/avr8 gcc/native/3.4.1061/avr8-gnu-toolchain/bin/../lib/gcc/avr/4.8.1/../../../../avr/lib/avr6\libc.a(fputc.o)
 .text          0x00000000        0x0 c:/program files (x86)/atmel/atmel toolchain/avr8 gcc/native/3.4.1061/avr8-gnu-toolchain/bin/../lib/gcc/avr/4.8.1/../../../../avr/lib/avr6\libc.a(ultoa_invert.o)
 .data          0x00000000        0x0 c:/program files (x86)/atmel/atmel toolchain/avr8 gcc/native/3.4.1061/avr8-gnu-toolchain/bin/../lib/gcc/avr/4.8.1/../../../../avr/lib/avr6\libc.a(ultoa_invert.o)
 .bss           0x00000000        0x0 c:/program files (x86)/atmel/atmel toolchain/avr8 gcc/native/3.4.1061/avr8-gnu-toolchain/bin/../lib/gcc/avr/4.8.1/../../../../avr/lib/avr6\libc.a(ultoa_invert.o)
 .text.avr-libc
                0x00000000       0xbc c:/program files (x86)/atmel/atmel toolchain/avr8 gcc/native/3.4.1061/avr8-gnu-toolchain/bin/../lib/gcc/avr/4.8.1/../../../../avr/lib/avr6\libc.a(ultoa_invert.o)

Memory Configuration

Name             Origin             Length             Attributes
text             0x00000000         0x00100000         xr
data             0x00800200         0x0000fe00         rw !x
eeprom           0x00810000         0x00010000         rw !x
fuse             0x00820000         0x00000400         rw !x
lock             0x00830000         0x00000400         rw !x
signature        0x00840000         0x00000400         rw !x
user_signatures  0x00850000         0x00000400         rw !x
*default*        0x00000000         0xffffffff

Linker script and memory map

Address of section .data set to 0x800200
LOAD c:/program files (x86)/atmel/atmel toolchain/avr8 gcc/native/3.4.1061/avr8-gnu-toolchain/bin/../lib/gcc/avr/4.8.1/../../../../avr/lib/avr6/crtm2560.o
LOAD main.o
LOAD shared/game.o
LOAD shared/ir/ir.o
LOAD shared/joystick/joystick.o
LOAD shared/music_stream.o
LOAD shared/radio/radio.o
LOAD shared/radio/spi.o
LOAD shared/roomba/roomba_bump_detection.o
LOAD shared/roomba/simple_music.o
LOAD shared/roomba/roomba.o
LOAD shared/roomba/roomba_led_sci.o
LOAD shared/roomba/roomba_music.o
LOAD shared/rtos_n/os.o
LOAD shared/rtos_n/timer.o
LOAD shared/trace/trace.o
LOAD shared/trace_uart/trace_uart.o
LOAD shared/uart/uart.o
LOAD shared/usart.o
START GROUP
LOAD c:/program files (x86)/atmel/atmel toolchain/avr8 gcc/native/3.4.1061/avr8-gnu-toolchain/bin/../lib/gcc/avr/4.8.1/../../../../avr/lib/avr6\libm.a
END GROUP
LOAD c:/program files (x86)/atmel/atmel toolchain/avr8 gcc/native/3.4.1061/avr8-gnu-toolchain/bin/../lib/gcc/avr/4.8.1/avr6\libgcc.a
LOAD c:/program files (x86)/atmel/atmel toolchain/avr8 gcc/native/3.4.1061/avr8-gnu-toolchain/bin/../lib/gcc/avr/4.8.1/../../../../avr/lib/avr6\libm.a
START GROUP
LOAD c:/program files (x86)/atmel/atmel toolchain/avr8 gcc/native/3.4.1061/avr8-gnu-toolchain/bin/../lib/gcc/avr/4.8.1/avr6\libgcc.a
LOAD c:/program files (x86)/atmel/atmel toolchain/avr8 gcc/native/3.4.1061/avr8-gnu-toolchain/bin/../lib/gcc/avr/4.8.1/../../../../avr/lib/avr6\libm.a
LOAD c:/program files (x86)/atmel/atmel toolchain/avr8 gcc/native/3.4.1061/avr8-gnu-toolchain/bin/../lib/gcc/avr/4.8.1/../../../../avr/lib/avr6\libc.a
END GROUP

.hash
 *(.hash)

.dynsym
 *(.dynsym)

.dynstr
 *(.dynstr)

.gnu.version
 *(.gnu.version)

.gnu.version_d
 *(.gnu.version_d)

.gnu.version_r
 *(.gnu.version_r)

.rel.init
 *(.rel.init)

.rela.init
 *(.rela.init)

.rel.text
 *(.rel.text)
 *(.rel.text.*)
 *(.rel.gnu.linkonce.t*)

.rela.text
 *(.rela.text)
 *(.rela.text.*)
 *(.rela.gnu.linkonce.t*)

.rel.fini
 *(.rel.fini)

.rela.fini
 *(.rela.fini)

.rel.rodata
 *(.rel.rodata)
 *(.rel.rodata.*)
 *(.rel.gnu.linkonce.r*)

.rela.rodata
 *(.rela.rodata)
 *(.rela.rodata.*)
 *(.rela.gnu.linkonce.r*)

.rel.data
 *(.rel.data)
 *(.rel.data.*)
 *(.rel.gnu.linkonce.d*)

.rela.data
 *(.rela.data)
 *(.rela.data.*)
 *(.rela.gnu.linkonce.d*)

.rel.ctors
 *(.rel.ctors)

.rela.ctors
 *(.rela.ctors)

.rel.dtors
 *(.rel.dtors)

.rela.dtors
 *(.rela.dtors)

.rel.got
 *(.rel.got)

.rela.got
 *(.rela.got)

.rel.bss
 *(.rel.bss)

.rela.bss
 *(.rela.bss)

.rel.plt
 *(.rel.plt)

.rela.plt
 *(.rela.plt)

.text           0x00000000     0x222e
 *(.vectors)
 .vectors       0x00000000       0xe4 c:/program files (x86)/atmel/atmel toolchain/avr8 gcc/native/3.4.1061/avr8-gnu-toolchain/bin/../lib/gcc/avr/4.8.1/../../../../avr/lib/avr6/crtm2560.o
                0x00000000                __vector_default
                0x00000000                __vectors
 *(.vectors)
 *(.progmem.gcc*)
 .progmem.gcc_sw_table.main
                0x000000e4       0x12 shared/rtos_n/os.o
                0x000000f6                . = ALIGN (0x2)
                0x000000f6                __trampolines_start = .
 *(.trampolines)
 .trampolines   0x000000f6        0x0 linker stubs
 *(.trampolines*)
                0x000000f6                __trampolines_end = .
 *(.progmem*)
                0x000000f6                . = ALIGN (0x2)
 *(.jumptables)
 *(.jumptables*)
 *(.lowtext)
 *(.lowtext*)
                0x000000f6                __ctors_start = .
 *(.ctors)
                0x000000f6                __ctors_end = .
                0x000000f6                __dtors_start = .
 *(.dtors)
                0x000000f6                __dtors_end = .
 SORT(*)(.ctors)
 SORT(*)(.dtors)
 *(.init0)
 .init0         0x000000f6        0x0 c:/program files (x86)/atmel/atmel toolchain/avr8 gcc/native/3.4.1061/avr8-gnu-toolchain/bin/../lib/gcc/avr/4.8.1/../../../../avr/lib/avr6/crtm2560.o
                0x000000f6                __init
 *(.init0)
 *(.init1)
 *(.init1)
 *(.init2)
 .init2         0x000000f6       0x10 c:/program files (x86)/atmel/atmel toolchain/avr8 gcc/native/3.4.1061/avr8-gnu-toolchain/bin/../lib/gcc/avr/4.8.1/../../../../avr/lib/avr6/crtm2560.o
 *(.init2)
 *(.init3)
 *(.init3)
 *(.init4)
 .init4         0x00000106       0x1a c:/program files (x86)/atmel/atmel toolchain/avr8 gcc/native/3.4.1061/avr8-gnu-toolchain/bin/../lib/gcc/avr/4.8.1/avr6\libgcc.a(_copy_data.o)
                0x00000106                __do_copy_data
 .init4         0x00000120       0x10 c:/program files (x86)/atmel/atmel toolchain/avr8 gcc/native/3.4.1061/avr8-gnu-toolchain/bin/../lib/gcc/avr/4.8.1/avr6\libgcc.a(_clear_bss.o)
                0x00000120                __do_clear_bss
 *(.init4)
 *(.init5)
 *(.init5)
 *(.init6)
 *(.init6)
 *(.init7)
 *(.init7)
 *(.init8)
 *(.init8)
 *(.init9)
 .init9         0x00000130        0x8 c:/program files (x86)/atmel/atmel toolchain/avr8 gcc/native/3.4.1061/avr8-gnu-toolchain/bin/../lib/gcc/avr/4.8.1/../../../../avr/lib/avr6/crtm2560.o
 *(.init9)
 *(.text)
 .text          0x00000138        0x2 c:/program files (x86)/atmel/atmel toolchain/avr8 gcc/native/3.4.1061/avr8-gnu-toolchain/bin/../lib/gcc/avr/4.8.1/../../../../avr/lib/avr6/crtm2560.o
                0x00000138                __vector_38
                0x00000138                __vector_22
                0x00000138                __vector_28
                0x00000138                __vector_1
                0x00000138                __vector_34
                0x00000138                __vector_24
                0x00000138                __vector_12
                0x00000138                __vector_55
                0x00000138                __vector_46
                0x00000138                __bad_interrupt
                0x00000138                __vector_31
                0x00000138                __vector_35
                0x00000138                __vector_39
                0x00000138                __vector_3
                0x00000138                __vector_23
                0x00000138                __vector_30
                0x00000138                __vector_45
                0x00000138                __vector_11
                0x00000138                __vector_54
                0x00000138                __vector_13
                0x00000138                __vector_19
                0x00000138                __vector_56
                0x00000138                __vector_7
                0x00000138                __vector_49
                0x00000138                __vector_41
                0x00000138                __vector_43
                0x00000138                __vector_27
                0x00000138                __vector_33
                0x00000138                __vector_47
                0x00000138                __vector_52
                0x00000138                __vector_37
                0x00000138                __vector_4
                0x00000138                __vector_44
                0x00000138                __vector_51
                0x00000138                __vector_9
                0x00000138                __vector_2
                0x00000138                __vector_21
                0x00000138                __vector_15
                0x00000138                __vector_29
                0x00000138                __vector_40
                0x00000138                __vector_8
                0x00000138                __vector_26
                0x00000138                __vector_48
                0x00000138                __vector_14
                0x00000138                __vector_53
                0x00000138                __vector_10
                0x00000138                __vector_50
                0x00000138                __vector_16
                0x00000138                __vector_18
                0x00000138                __vector_20
                0x00000138                __vector_42
                0x0000013a                . = ALIGN (0x2)
 *(.text.*)
 .text._Z16current_ir_statev
                0x0000013a       0x2a main.o
                0x0000013a                _Z16current_ir_statev
 .text._Z17check_bump_sensorv
                0x00000164       0x20 main.o
                0x00000164                _Z17check_bump_sensorv
 .text._Z12setup_roombav
                0x00000184       0x2a main.o
                0x00000184                _Z12setup_roombav
 .text._Z15radio_rxhandlerh
                0x000001ae       0x1a main.o
                0x000001ae                _Z15radio_rxhandlerh
 .text._Z12ir_rxhandlerv
                0x000001c8       0x72 main.o
                0x000001c8                _Z12ir_rxhandlerv
 .text._Z17handleRoombaInputP7_game_t
                0x0000023a      0x11a main.o
                0x0000023a                _Z17handleRoombaInputP7_game_t
 .text._Z16load_death_musicv
                0x00000354      0x140 main.o
                0x00000354                _Z16load_death_musicv
 .text._Z16handleStateInputP7_game_t
                0x00000494       0xa4 main.o
                0x00000494                _Z16handleStateInputP7_game_t
 .text._Z16send_back_packetv
                0x00000538       0x70 main.o
                0x00000538                _Z16send_back_packetv
 .text._Z19current_radio_statev
                0x000005a8       0x50 main.o
                0x000005a8                _Z19current_radio_statev
 .text._Z17power_cycle_radiov
                0x000005f8       0x40 main.o
                0x000005f8                _Z17power_cycle_radiov
 .text._Z17init_roomba_stateP12roomba_state
                0x00000638       0x32 main.o
                0x00000638                _Z17init_roomba_stateP12roomba_state
 .text._Z6r_mainv
                0x0000066a       0x96 main.o
                0x0000066a                _Z6r_mainv
 .text._Z7IR_initv
                0x00000700       0x72 shared/ir/ir.o
                0x00000700                _Z7IR_initv
 .text.__vector_6
                0x00000772       0x62 shared/ir/ir.o
                0x00000772                __vector_6
 .text.__vector_32
                0x000007d4       0xb8 shared/ir/ir.o
                0x000007d4                __vector_32
 .text._Z16enable_interruptv
                0x0000088c        0x6 shared/ir/ir.o
                0x0000088c                _Z16enable_interruptv
 .text._Z17disable_interruptv
                0x00000892       0x14 shared/ir/ir.o
                0x00000892                _Z17disable_interruptv
 .text._Z4markv
                0x000008a6       0x18 shared/ir/ir.o
                0x000008a6                _Z4markv
 .text._Z5spacev
                0x000008be       0x18 shared/ir/ir.o
                0x000008be                _Z5spacev
 .text._Z11IR_transmith
                0x000008d6       0x58 shared/ir/ir.o
                0x000008d6                _Z11IR_transmith
 .text._Z10IR_getLastv
                0x0000092e        0x6 shared/ir/ir.o
                0x0000092e                _Z10IR_getLastv
 .text._ZL10get_statusv
                0x00000934       0x1e shared/radio/radio.o
 .text._ZL12set_registerhPhh
                0x00000952       0x3e shared/radio/radio.o
 .text._ZL19reset_pipe0_addressv
                0x00000990       0x14 shared/radio/radio.o
 .text._ZL16send_instructionhPhS_h
                0x000009a4       0x4a shared/radio/radio.o
 .text._ZL12get_registerhPhh
                0x000009ee       0x5a shared/radio/radio.o
 .text._ZL11set_rx_modev
                0x00000a48       0x4c shared/radio/radio.o
 .text._Z10Radio_Initv
                0x00000a94       0xfe shared/radio/radio.o
                0x00000a94                _Z10Radio_Initv
 .text._Z18Radio_Configure_Rx11_radio_pipePh3_ed
                0x00000b92      0x114 shared/radio/radio.o
                0x00000b92                _Z18Radio_Configure_Rx11_radio_pipePh3_ed
 .text._Z17Radio_Set_Tx_AddrPh
                0x00000ca6       0x2a shared/radio/radio.o
                0x00000ca6                _Z17Radio_Set_Tx_AddrPh
 .text._Z15Radio_Configure9_radio_dr15_radio_tx_power
                0x00000cd0       0x54 shared/radio/radio.o
                0x00000cd0                _Z15Radio_Configure9_radio_dr15_radio_tx_power
 .text._Z14Radio_TransmitP3_rp14_radio_tx_wait
                0x00000d24       0xb2 shared/radio/radio.o
                0x00000d24                _Z14Radio_TransmitP3_rp14_radio_tx_wait
 .text._Z13Radio_ReceiveP3_rp
                0x00000dd6       0x6a shared/radio/radio.o
                0x00000dd6                _Z13Radio_ReceiveP3_rp
 .text.__vector_5
                0x00000e40      0x108 shared/radio/radio.o
                0x00000e40                __vector_5
 .text._Z8SPI_Initv
                0x00000f48       0x1a shared/radio/spi.o
                0x00000f48                _Z8SPI_Initv
 .text._Z19SPI_ReadWrite_BlockPhS_h
                0x00000f62       0x26 shared/radio/spi.o
                0x00000f62                _Z19SPI_ReadWrite_BlockPhS_h
 .text._Z15SPI_Write_BlockPhh
                0x00000f88       0x1e shared/radio/spi.o
                0x00000f88                _Z15SPI_Write_BlockPhh
 .text._Z14SPI_Write_Byteh
                0x00000fa6        0xc shared/radio/spi.o
                0x00000fa6                _Z14SPI_Write_Byteh
 .text._Z23get_roomba_bump_sensorsv
                0x00000fb2       0x32 shared/roomba/roomba_bump_detection.o
                0x00000fb2                _Z23get_roomba_bump_sensorsv
 .text._Z13sensor_detectv
                0x00000fe4        0xe shared/roomba/roomba_bump_detection.o
                0x00000fe4                _Z13sensor_detectv
 .text._Z11Roomba_Initv
                0x00000ff2       0x78 shared/roomba/roomba.o
                0x00000ff2                _Z11Roomba_Initv
 .text._Z25Roomba_UpdateSensorPacket4_rsgP20roomba_sensor_data_t
                0x0000106a      0x1be shared/roomba/roomba.o
                0x0000106a                _Z25Roomba_UpdateSensorPacket4_rsgP20roomba_sensor_data_t
 .text._Z12Roomba_Driveii
                0x00001228       0x2e shared/roomba/roomba.o
                0x00001228                _Z12Roomba_Driveii
 .text._Z21Roomba_Music_add_noteP20_roomba_music_song_thh
                0x00001256       0x2e shared/roomba/roomba_music.o
                0x00001256                _Z21Roomba_Music_add_noteP20_roomba_music_song_thh
 .text._Z22Roomba_Music_load_songP20_roomba_music_song_t
                0x00001284       0x68 shared/roomba/roomba_music.o
                0x00001284                _Z22Roomba_Music_load_songP20_roomba_music_song_t
 .text._Z22Roomba_Music_play_songh
                0x000012ec       0x10 shared/roomba/roomba_music.o
                0x000012ec                _Z22Roomba_Music_play_songh
 .text._ZL4idlev
                0x000012fc        0x2 shared/rtos_n/os.o
 .text._ZL11exit_kernelv
                0x000012fe       0xb2 shared/rtos_n/os.o
 .text._ZL12enter_kernelv
                0x000013b0       0xb2 shared/rtos_n/os.o
 .text._ZL16periodic_enqueueP21periodic_task_queue_tP19ptd_metadata_struct
                0x00001462       0xd0 shared/rtos_n/os.o
 .text._ZL7enqueueP12task_queue_tP9td_struct
                0x00001532       0x26 shared/rtos_n/os.o
 .text._ZL7dequeueP12task_queue_t
                0x00001558       0x2e shared/rtos_n/os.o
 .text._ZL18kernel_create_taskv
                0x00001586      0x160 shared/rtos_n/os.o
 .text.Task_Terminate
                0x000016e6       0x14 shared/rtos_n/os.o
                0x000016e6                Task_Terminate
 .text.__vector_17
                0x000016fa       0xd6 shared/rtos_n/os.o
                0x000016fa                __vector_17
 .text._Z11kernel_initv
                0x000017d0      0x196 shared/rtos_n/os.o
                0x000017d0                _Z11kernel_initv
 .text.OS_Abort
                0x00001966       0xb6 shared/rtos_n/os.o
                0x00001966                OS_Abort
 .text._Z19periodic_task_readyv
                0x00001a1c       0x56 shared/rtos_n/os.o
                0x00001a1c                _Z19periodic_task_readyv
 .text._ZL21kernel_should_preemptv
                0x00001a72       0x82 shared/rtos_n/os.o
 .text.Task_Next
                0x00001af4       0x14 shared/rtos_n/os.o
                0x00001af4                Task_Next
 .text._Z20kernel_create_helperPFvvEi15task_priority_t
                0x00001b08       0x30 shared/rtos_n/os.o
                0x00001b08                _Z20kernel_create_helperPFvvEi15task_priority_t
 .text.Task_Create_System
                0x00001b38        0x6 shared/rtos_n/os.o
                0x00001b38                Task_Create_System
 .text.Task_Create_RR
                0x00001b3e        0x6 shared/rtos_n/os.o
                0x00001b3e                Task_Create_RR
 .text.Task_Create_Periodic
                0x00001b44       0x3a shared/rtos_n/os.o
                0x00001b44                Task_Create_Periodic
 .text.Service_Init
                0x00001b7e       0x1c shared/rtos_n/os.o
                0x00001b7e                Service_Init
 .text.Service_Subscribe
                0x00001b9a       0x24 shared/rtos_n/os.o
                0x00001b9a                Service_Subscribe
 .text.Service_Publish
                0x00001bbe       0x24 shared/rtos_n/os.o
                0x00001bbe                Service_Publish
 .text.main     0x00001be2      0x478 shared/rtos_n/os.o
                0x00001be2                main
 .text.__vector_25
                0x0000205a       0x7a shared/trace_uart/trace_uart.o
                0x0000205a                __vector_25
 .text._Z16Roomba_Send_Byteh
                0x000020d4       0x10 shared/uart/uart.o
                0x000020d4                _Z16Roomba_Send_Byteh
 .text._Z16Roomba_UART_Init9_uart_bps
                0x000020e4       0x80 shared/uart/uart.o
                0x000020e4                _Z16Roomba_UART_Init9_uart_bps
 .text._Z19uart_bytes_receivedv
                0x00002164        0x6 shared/uart/uart.o
                0x00002164                _Z19uart_bytes_receivedv
 .text._Z18uart_reset_receivev
                0x0000216a        0x6 shared/uart/uart.o
                0x0000216a                _Z18uart_reset_receivev
 .text.__vector_36
                0x00002170       0x4c shared/uart/uart.o
                0x00002170                __vector_36
 .text._Z13uart_get_bytei
                0x000021bc       0x14 shared/uart/uart.o
                0x000021bc                _Z13uart_get_bytei
 .text.libgcc.div
                0x000021d0       0x26 c:/program files (x86)/atmel/atmel toolchain/avr8 gcc/native/3.4.1061/avr8-gnu-toolchain/bin/../lib/gcc/avr/4.8.1/avr6\libgcc.a(_divmodhi4.o)
                0x000021d0                _div
                0x000021d0                __divmodhi4
 .text.libgcc   0x000021f6        0xc c:/program files (x86)/atmel/atmel toolchain/avr8 gcc/native/3.4.1061/avr8-gnu-toolchain/bin/../lib/gcc/avr/4.8.1/avr6\libgcc.a(_tablejump.o)
                0x000021f6                __tablejump2__
                0x000021fa                __tablejump__
 .text.libgcc.div
                0x00002202       0x28 c:/program files (x86)/atmel/atmel toolchain/avr8 gcc/native/3.4.1061/avr8-gnu-toolchain/bin/../lib/gcc/avr/4.8.1/avr6\libgcc.a(_udivmodhi4.o)
                0x00002202                __udivmodhi4
                0x0000222a                . = ALIGN (0x2)
 *(.fini9)
 .fini9         0x0000222a        0x0 c:/program files (x86)/atmel/atmel toolchain/avr8 gcc/native/3.4.1061/avr8-gnu-toolchain/bin/../lib/gcc/avr/4.8.1/avr6\libgcc.a(_exit.o)
                0x0000222a                _exit
                0x0000222a                exit
 *(.fini9)
 *(.fini8)
 *(.fini8)
 *(.fini7)
 *(.fini7)
 *(.fini6)
 *(.fini6)
 *(.fini5)
 *(.fini5)
 *(.fini4)
 *(.fini4)
 *(.fini3)
 *(.fini3)
 *(.fini2)
 *(.fini2)
 *(.fini1)
 *(.fini1)
 *(.fini0)
 .fini0         0x0000222a        0x4 c:/program files (x86)/atmel/atmel toolchain/avr8 gcc/native/3.4.1061/avr8-gnu-toolchain/bin/../lib/gcc/avr/4.8.1/avr6\libgcc.a(_exit.o)
 *(.fini0)
                0x0000222e                _etext = .

.data           0x00800200       0x32 load address 0x0000222e
                0x00800200                PROVIDE (__data_start, .)
 *(.data)
 *(.data*)
 .data.roomba_num
                0x00800200        0x1 main.o
                0x00800200                roomba_num
 .data.base_station_address
                0x00800201        0x5 shared/game.o
                0x00800201                base_station_address
 .data.PLAYER_IDS
                0x00800206        0x4 shared/game.o
                0x00800206                PLAYER_IDS
 .data.ROOMBA_ADDRESSES
                0x0080020a       0x14 shared/game.o
                0x0080020a                ROOMBA_ADDRESSES
 .data._ZL14tx_last_status
                0x0080021e        0x1 shared/radio/radio.o
 .data._ZL10tx_history
                0x0080021f        0x2 shared/radio/radio.o
 .data._ZL16rx_pipe0_address
                0x00800221        0x5 shared/radio/radio.o
 .data._ZL10tx_address
                0x00800226        0x5 shared/radio/radio.o
 .data._ZL14rx_pipe_widths
                0x0080022b        0x6 shared/radio/radio.o
 .data._ZL9error_msg
                0x00800231        0x1 shared/rtos_n/os.o
 *(.rodata)
 *(.rodata*)
 *(.gnu.linkonce.d*)
                0x00800232                . = ALIGN (0x2)
                0x00800232                _edata = .
                0x00800232                PROVIDE (__data_end, .)

.bss            0x00800232      0xae9
                0x00800232                PROVIDE (__bss_start, .)
 *(.bss)
 *(.bss*)
 .bss.autonomy_state
                0x00800232        0x1 main.o
                0x00800232                autonomy_state
 .bss.human_song
                0x00800233        0x1 main.o
                0x00800233                human_song
 .bss.zombie_song
                0x00800234        0x1 main.o
                0x00800234                zombie_song
 .bss.autonomy_counter
                0x00800235        0x1 main.o
                0x00800235                autonomy_counter
 .bss.roomba    0x00800236       0x11 main.o
                0x00800236                roomba
 .bss.tx_packet
                0x00800247       0x20 main.o
                0x00800247                tx_packet
 .bss.ir_count  0x00800267        0x1 main.o
                0x00800267                ir_count
 .bss.ir_receive_service
                0x00800268        0x2 main.o
                0x00800268                ir_receive_service
 .bss.radio_receive_service
                0x0080026a        0x2 main.o
                0x0080026a                radio_receive_service
 .bss._ZL10outputByte
                0x0080026c        0x1 shared/ir/ir.o
 .bss._ZL11currentByte
                0x0080026d        0x1 shared/ir/ir.o
 .bss._ZL10currentBit
                0x0080026e        0x1 shared/ir/ir.o
 .bss._ZL15is_transmitting
                0x0080026f        0x1 shared/ir/ir.o
 .bss._ZL12is_receiving
                0x00800270        0x1 shared/ir/ir.o
 .bss._ZL13transmit_lock
                0x00800271        0x1 shared/radio/radio.o
 .bss._ZL17current_timer_val
                0x00800272        0x2 shared/rtos_n/os.o
 .bss._ZL16ticks_from_start
                0x00800274        0x2 shared/rtos_n/os.o
 .bss._ZL12num_services
                0x00800276        0x1 shared/rtos_n/os.o
 .bss._ZL12service_list
                0x00800277       0x50 shared/rtos_n/os.o
 .bss._ZL17system_task_queue
                0x008002c7        0x4 shared/rtos_n/os.o
 .bss._ZL19periodic_task_queue
                0x008002cb        0x4 shared/rtos_n/os.o
 .bss._ZL21roundrobin_task_queue
                0x008002cf        0x4 shared/rtos_n/os.o
 .bss._ZL24periodic_dead_pool_queue
                0x008002d3        0x4 shared/rtos_n/os.o
 .bss._ZL15dead_pool_queue
                0x008002d7        0x4 shared/rtos_n/os.o
 .bss._ZL31kernel_request_service_pub_data
                0x008002db        0x2 shared/rtos_n/os.o
 .bss._ZL31kernel_request_service_sub_data
                0x008002dd        0x2 shared/rtos_n/os.o
 .bss._ZL33kernel_request_service_descriptor
                0x008002df        0x2 shared/rtos_n/os.o
 .bss._ZL34kernel_request_service_init_retval
                0x008002e1        0x2 shared/rtos_n/os.o
 .bss._ZL21kernel_request_retval
                0x008002e3        0x2 shared/rtos_n/os.o
 .bss._ZL26kernel_preemption_disabled
                0x008002e5        0x2 shared/rtos_n/os.o
 .bss._ZL25kernel_period_create_meta
                0x008002e7        0xa shared/rtos_n/os.o
 .bss._ZL26kernel_request_create_args
                0x008002f1        0x5 shared/rtos_n/os.o
 .bss._ZL14kernel_request
                0x008002f6        0x1 shared/rtos_n/os.o
 .bss._ZL18periodic_task_desc
                0x008002f7       0x28 shared/rtos_n/os.o
 .bss._ZL9task_desc
                0x0080031f      0x96c shared/rtos_n/os.o
 .bss._ZL9kernel_sp
                0x00800c8b        0x2 shared/rtos_n/os.o
 .bss._ZL22periodic_task_remticks
                0x00800c8d        0x2 shared/rtos_n/os.o
 .bss._ZL16cur_per_metadata
                0x00800c8f        0x2 shared/rtos_n/os.o
 .bss._ZL8cur_task
                0x00800c91        0x2 shared/rtos_n/os.o
 .bss._ZL7uart_rx
                0x00800c93        0x1 shared/trace_uart/trace_uart.o
 .bss._ZL2rx    0x00800c94       0x64 shared/trace_uart/trace_uart.o
 .bss._ZL3rxn   0x00800cf8        0x2 shared/trace_uart/trace_uart.o
 .bss._ZL17uart_buffer_index
                0x00800cfa        0x1 shared/uart/uart.o
 .bss._ZL11uart_buffer
                0x00800cfb       0x20 shared/uart/uart.o
 *(COMMON)
                0x00800d1b                PROVIDE (__bss_end, .)
                0x0000222e                __data_load_start = LOADADDR (.data)
                0x00002260                __data_load_end = (__data_load_start + SIZEOF (.data))

.noinit         0x00800d1b        0x0
                0x00800d1b                PROVIDE (__noinit_start, .)
 *(.noinit*)
                0x00800d1b                PROVIDE (__noinit_end, .)
                0x00800d1b                _end = .
                0x00800d1b                PROVIDE (__heap_start, .)

.eeprom         0x00810000        0x0
 *(.eeprom*)
                0x00810000                __eeprom_end = .

.fuse
 *(.fuse)
 *(.lfuse)
 *(.hfuse)
 *(.efuse)

.lock
 *(.lock*)

.signature
 *(.signature*)

.user_signatures
 *(.user_signatures*)

.stab
 *(.stab)

.stabstr
 *(.stabstr)

.stab.excl
 *(.stab.excl)

.stab.exclstr
 *(.stab.exclstr)

.stab.index
 *(.stab.index)

.stab.indexstr
 *(.stab.indexstr)

.comment        0x00000000       0x30
 *(.comment)
 .comment       0x00000000       0x30 main.o
                                 0x31 (size before relaxing)
 .comment       0x00000000       0x31 shared/game.o
 .comment       0x00000000       0x31 shared/ir/ir.o
 .comment       0x00000000       0x31 shared/radio/radio.o
 .comment       0x00000000       0x31 shared/radio/spi.o
 .comment       0x00000000       0x31 shared/roomba/roomba_bump_detection.o
 .comment       0x00000000       0x31 shared/roomba/roomba.o
 .comment       0x00000000       0x31 shared/roomba/roomba_music.o
 .comment       0x00000000       0x31 shared/rtos_n/os.o
 .comment       0x00000000       0x31 shared/trace_uart/trace_uart.o
 .comment       0x00000000       0x31 shared/uart/uart.o

.note.gnu.build-id
 *(.note.gnu.build-id)

.debug
 *(.debug)

.line
 *(.line)

.debug_srcinfo
 *(.debug_srcinfo)

.debug_sfnames
 *(.debug_sfnames)

.debug_aranges  0x00000000      0x410
 *(.debug_aranges)
 .debug_aranges
                0x00000000       0x80 main.o
 .debug_aranges
                0x00000080       0x20 shared/game.o
 .debug_aranges
                0x000000a0       0x60 shared/ir/ir.o
 .debug_aranges
                0x00000100       0x90 shared/radio/radio.o
 .debug_aranges
                0x00000190       0x38 shared/radio/spi.o
 .debug_aranges
                0x000001c8       0x28 shared/roomba/roomba_bump_detection.o
 .debug_aranges
                0x000001f0       0x58 shared/roomba/roomba.o
 .debug_aranges
                0x00000248       0x48 shared/roomba/roomba_music.o
 .debug_aranges
                0x00000290       0xe0 shared/rtos_n/os.o
 .debug_aranges
                0x00000370       0x58 shared/trace_uart/trace_uart.o
 .debug_aranges
                0x000003c8       0x48 shared/uart/uart.o

.debug_pubnames
 *(.debug_pubnames)

.debug_info     0x00000000     0x54e0
 *(.debug_info .gnu.linkonce.wi.*)
 .debug_info    0x00000000     0x1280 main.o
 .debug_info    0x00001280      0x1b3 shared/game.o
 .debug_info    0x00001433      0x31b shared/ir/ir.o
 .debug_info    0x0000174e     0x1081 shared/radio/radio.o
 .debug_info    0x000027cf      0x174 shared/radio/spi.o
 .debug_info    0x00002943      0x394 shared/roomba/roomba_bump_detection.o
 .debug_info    0x00002cd7      0xd26 shared/roomba/roomba.o
 .debug_info    0x000039fd      0x3c5 shared/roomba/roomba_music.o
 .debug_info    0x00003dc2     0x1302 shared/rtos_n/os.o
 .debug_info    0x000050c4      0x24b shared/trace_uart/trace_uart.o
 .debug_info    0x0000530f      0x1d1 shared/uart/uart.o

.debug_abbrev   0x00000000     0x167e
 *(.debug_abbrev)
 .debug_abbrev  0x00000000      0x337 main.o
 .debug_abbrev  0x00000337       0xe9 shared/game.o
 .debug_abbrev  0x00000420      0x1be shared/ir/ir.o
 .debug_abbrev  0x000005de      0x3ab shared/radio/radio.o
 .debug_abbrev  0x00000989       0xd6 shared/radio/spi.o
 .debug_abbrev  0x00000a5f      0x142 shared/roomba/roomba_bump_detection.o
 .debug_abbrev  0x00000ba1      0x227 shared/roomba/roomba.o
 .debug_abbrev  0x00000dc8      0x1bc shared/roomba/roomba_music.o
 .debug_abbrev  0x00000f84      0x454 shared/rtos_n/os.o
 .debug_abbrev  0x000013d8      0x184 shared/trace_uart/trace_uart.o
 .debug_abbrev  0x0000155c      0x122 shared/uart/uart.o

.debug_line     0x00000000     0x2b92
 *(.debug_line .debug_line.* .debug_line_end)
 .debug_line    0x00000000      0x753 main.o
 .debug_line    0x00000753      0x10c shared/game.o
 .debug_line    0x0000085f      0x341 shared/ir/ir.o
 .debug_line    0x00000ba0      0x6f2 shared/radio/radio.o
 .debug_line    0x00001292      0x166 shared/radio/spi.o
 .debug_line    0x000013f8      0x114 shared/roomba/roomba_bump_detection.o
 .debug_line    0x0000150c      0x497 shared/roomba/roomba.o
 .debug_line    0x000019a3      0x22b shared/roomba/roomba_music.o
 .debug_line    0x00001bce      0xbfc shared/rtos_n/os.o
 .debug_line    0x000027ca      0x1f4 shared/trace_uart/trace_uart.o
 .debug_line    0x000029be      0x1d4 shared/uart/uart.o

.debug_frame    0x00000000      0xb10
 *(.debug_frame)
 .debug_frame   0x00000000      0x164 main.o
 .debug_frame   0x00000164       0x44 shared/game.o
 .debug_frame   0x000001a8      0x128 shared/ir/ir.o
 .debug_frame   0x000002d0      0x270 shared/radio/radio.o
 .debug_frame   0x00000540       0x54 shared/radio/spi.o
 .debug_frame   0x00000594       0x44 shared/roomba/roomba_bump_detection.o
 .debug_frame   0x000005d8      0x108 shared/roomba/roomba.o
 .debug_frame   0x000006e0       0xa8 shared/roomba/roomba_music.o
 .debug_frame   0x00000788      0x21c shared/rtos_n/os.o
 .debug_frame   0x000009a4       0xd8 shared/trace_uart/trace_uart.o
 .debug_frame   0x00000a7c       0x94 shared/uart/uart.o

.debug_str      0x00000000     0x1eef
 *(.debug_str)
 .debug_str     0x00000000      0xb3a main.o
                                0xc3a (size before relaxing)
 .debug_str     0x00000b3a       0x7f shared/game.o
                                0x29e (size before relaxing)
 .debug_str     0x00000bb9       0xec shared/ir/ir.o
                                0x327 (size before relaxing)
 .debug_str     0x00000ca5      0x256 shared/radio/radio.o
                                0x8ab (size before relaxing)
 .debug_str     0x00000efb       0x18 shared/radio/spi.o
                                0x24e (size before relaxing)
 .debug_str     0x00000f13      0x282 shared/roomba/roomba_bump_detection.o
                                0x4a2 (size before relaxing)
 .debug_str     0x00001195      0x2ef shared/roomba/roomba.o
                                0x7b5 (size before relaxing)
 .debug_str     0x00001484      0x10b shared/roomba/roomba_music.o
                                0x45f (size before relaxing)
 .debug_str     0x0000158f      0x79e shared/rtos_n/os.o
                                0xaf5 (size before relaxing)
 .debug_str     0x00001d2d      0x172 shared/trace_uart/trace_uart.o
                                0x31e (size before relaxing)
 .debug_str     0x00001e9f       0x50 shared/uart/uart.o
                                0x310 (size before relaxing)

.debug_loc      0x00000000     0x26a1
 *(.debug_loc)
 .debug_loc     0x00000000      0x3be main.o
 .debug_loc     0x000003be       0xbf shared/game.o
 .debug_loc     0x0000047d      0x1f3 shared/ir/ir.o
 .debug_loc     0x00000670      0xabd shared/radio/radio.o
 .debug_loc     0x0000112d       0xfb shared/radio/spi.o
 .debug_loc     0x00001228       0x5a shared/roomba/roomba_bump_detection.o
 .debug_loc     0x00001282      0x417 shared/roomba/roomba.o
 .debug_loc     0x00001699      0x232 shared/roomba/roomba_music.o
 .debug_loc     0x000018cb      0xb08 shared/rtos_n/os.o
 .debug_loc     0x000023d3      0x19d shared/trace_uart/trace_uart.o
 .debug_loc     0x00002570      0x131 shared/uart/uart.o

.debug_macinfo
 *(.debug_macinfo)

.debug_weaknames
 *(.debug_weaknames)

.debug_funcnames
 *(.debug_funcnames)

.debug_typenames
 *(.debug_typenames)

.debug_varnames
 *(.debug_varnames)

.debug_pubtypes
 *(.debug_pubtypes)

.debug_ranges   0x00000000      0x410
 *(.debug_ranges)
 .debug_ranges  0x00000000       0x70 main.o
 .debug_ranges  0x00000070       0x10 shared/game.o
 .debug_ranges  0x00000080       0x50 shared/ir/ir.o
 .debug_ranges  0x000000d0       0x80 shared/radio/radio.o
 .debug_ranges  0x00000150       0x28 shared/radio/spi.o
 .debug_ranges  0x00000178       0x18 shared/roomba/roomba_bump_detection.o
 .debug_ranges  0x00000190       0x48 shared/roomba/roomba.o
 .debug_ranges  0x000001d8       0x38 shared/roomba/roomba_music.o
 .debug_ranges  0x00000210      0x180 shared/rtos_n/os.o
 .debug_ranges  0x00000390       0x48 shared/trace_uart/trace_uart.o
 .debug_ranges  0x000003d8       0x38 shared/uart/uart.o

.debug_macro
 *(.debug_macro)
OUTPUT(RoombaVersion3.elf elf32-avr)
LOAD linker stubs
